Component: ARM Compiler 5.06 update 6 (build 750) Tool: armlink [4d35ed]

==============================================================================

Section Cross References

    stm32f4xx_adc.o(.text) refers to stm32f4xx_rcc.o(.text) for RCC_APB2PeriphResetCmd
    stm32f4xx_gpio.o(.text) refers to stm32f4xx_rcc.o(.text) for RCC_AHB1PeriphResetCmd
    stm32f4xx_rcc.o(.text) refers to stm32f4xx_rcc.o(.data) for APBAHBPrescTable
    stm32f4xx_spi.o(.text) refers to stm32f4xx_rcc.o(.text) for RCC_APB2PeriphResetCmd
    stm32f4xx_syscfg.o(.text) refers to stm32f4xx_rcc.o(.text) for RCC_APB2PeriphResetCmd
    stm32f4xx_tim.o(.text) refers to stm32f4xx_rcc.o(.text) for RCC_APB2PeriphResetCmd
    stm32f4xx_usart.o(.text) refers to stm32f4xx_rcc.o(.text) for RCC_APB2PeriphResetCmd
    main.o(.text) refers to _printf_pad.o(.text) for _printf_pre_padding
    main.o(.text) refers to _printf_percent.o(.ARM.Collect$$_printf_percent$$00000000) for _printf_percent
    main.o(.text) refers to _printf_d.o(.ARM.Collect$$_printf_percent$$00000009) for _printf_d
    main.o(.text) refers to _printf_dec.o(.text) for _printf_int_dec
    main.o(.text) refers to delay.o(.text) for delay_ms
    main.o(.text) refers to stm32f4xx_gpio.o(.text) for GPIO_ResetBits
    main.o(.text) refers to buzzer.o(.text) for shortBeep
    main.o(.text) refers to noretval__2sprintf.o(.text) for __2sprintf
    main.o(.text) refers to matrixdisplay.o(.text) for displayMatrix
    main.o(.text) refers to main.o(.data) for eleccion
    main.o(.text) refers to led.o(.text) for LED_Configuration
    main.o(.text) refers to button.o(.text) for button_Configuration
    main.o(.text) refers to spi.o(.text) for SPI_Configuration
    main.o(.text) refers to adc.o(.text) for ADC_Config
    main.o(.text) refers to sensor_function.o(.text) for readSensor
    main.o(.text) refers to sensor_function.o(.data) for RFSensor
    stm32f4xx_it.o(.text) refers to main.o(.text) for systick
    stm32f4xx_it.o(.text) refers to stm32f4xx_exti.o(.text) for EXTI_GetITStatus
    stm32f4xx_it.o(.text) refers to delay.o(.text) for delay_ms
    stm32f4xx_it.o(.text) refers to delay.o(.data) for Millis
    stm32f4xx_it.o(.text) refers to buzzer.o(.data) for buzzerTime
    delay.o(.text) refers to system_stm32f4xx.o(.text) for SystemInit
    delay.o(.text) refers to misc.o(.text) for NVIC_PriorityGroupConfig
    delay.o(.text) refers to system_stm32f4xx.o(.data) for SystemCoreClock
    delay.o(.text) refers to delay.o(.data) for Millis
    led.o(.text) refers to stm32f4xx_rcc.o(.text) for RCC_AHB1PeriphClockCmd
    led.o(.text) refers to stm32f4xx_gpio.o(.text) for GPIO_Init
    button.o(.text) refers to stm32f4xx_rcc.o(.text) for RCC_APB2PeriphClockCmd
    button.o(.text) refers to stm32f4xx_syscfg.o(.text) for SYSCFG_EXTILineConfig
    button.o(.text) refers to stm32f4xx_gpio.o(.text) for GPIO_Init
    button.o(.text) refers to stm32f4xx_exti.o(.text) for EXTI_Init
    button.o(.text) refers to misc.o(.text) for NVIC_Init
    matrixdisplay.o(.text) refers to _printf_pad.o(.text) for _printf_pre_padding
    matrixdisplay.o(.text) refers to _printf_percent.o(.ARM.Collect$$_printf_percent$$00000000) for _printf_percent
    matrixdisplay.o(.text) refers to _printf_d.o(.ARM.Collect$$_printf_percent$$00000009) for _printf_d
    matrixdisplay.o(.text) refers to _printf_dec.o(.text) for _printf_int_dec
    matrixdisplay.o(.text) refers to _printf_f.o(.ARM.Collect$$_printf_percent$$00000003) for _printf_f
    matrixdisplay.o(.text) refers to printf1.o(x$fpl$printf1) for _printf_fp_dec
    matrixdisplay.o(.text) refers to stm32f4xx_gpio.o(.text) for GPIO_ResetBits
    matrixdisplay.o(.text) refers to stm32f4xx_spi.o(.text) for SPI_I2S_GetFlagStatus
    matrixdisplay.o(.text) refers to noretval__2snprintf.o(.text) for __2snprintf
    matrixdisplay.o(.text) refers to f2d.o(x$fpl$f2d) for __aeabi_f2d
    matrixdisplay.o(.text) refers to delay.o(.text) for delay_ms
    matrixdisplay.o(.text) refers to matrixdisplay.o(.constdata) for fontTable
    spi.o(.text) refers to stm32f4xx_gpio.o(.text) for GPIO_SetBits
    spi.o(.text) refers to stm32f4xx_spi.o(.text) for SPI_I2S_GetFlagStatus
    spi.o(.text) refers to stm32f4xx_rcc.o(.text) for RCC_APB1PeriphClockCmd
    spi.o(.text) refers to matrixdisplay.o(.text) for clearScreen
    buzzer.o(.text) refers to stm32f4xx_rcc.o(.text) for RCC_APB1PeriphClockCmd
    buzzer.o(.text) refers to stm32f4xx_gpio.o(.text) for GPIO_Init
    buzzer.o(.text) refers to stm32f4xx_tim.o(.text) for TIM_TimeBaseInit
    buzzer.o(.text) refers to delay.o(.text) for delay_ms
    buzzer.o(.text) refers to buzzer.o(.data) for buzzerTime
    adc.o(.text) refers to stm32f4xx_rcc.o(.text) for RCC_APB2PeriphClockCmd
    adc.o(.text) refers to stm32f4xx_gpio.o(.text) for GPIO_Init
    adc.o(.text) refers to stm32f4xx_adc.o(.text) for ADC_CommonInit
[...]
    ..\\user_Libraries\\src\\led.c           0x00000000   Number         0  led.o ABSOLUTE
    ..\\user_Libraries\\src\\matrixDisplay.c 0x00000000   Number         0  matrixdisplay.o ABSOLUTE
    ..\\user_Libraries\\src\\sensor_Function.c 0x00000000   Number         0  sensor_function.o ABSOLUTE
    ..\user\main.c                           0x00000000   Number         0  main.o ABSOLUTE
    ..\user\stm32f4xx_it.c                   0x00000000   Number         0  stm32f4xx_it.o ABSOLUTE
    ..\user_Libraries\src\SPI.c              0x00000000   Number         0  spi.o ABSOLUTE
    ..\user_Libraries\src\adc.c              0x00000000   Number         0  adc.o ABSOLUTE
    ..\user_Libraries\src\button.c           0x00000000   Number         0  button.o ABSOLUTE
    ..\user_Libraries\src\buzzer.c           0x00000000   Number         0  buzzer.o ABSOLUTE
    ..\user_Libraries\src\delay.c            0x00000000   Number         0  delay.o ABSOLUTE
    ..\user_Libraries\src\led.c              0x00000000   Number         0  led.o ABSOLUTE
    ..\user_Libraries\src\matrixDisplay.c    0x00000000   Number         0  matrixdisplay.o ABSOLUTE
    ..\user_Libraries\src\sensor_Function.c  0x00000000   Number         0  sensor_function.o ABSOLUTE
    dc.s                                     0x00000000   Number         0  dc.o ABSOLUTE
    RESET                                    0x08000000   Section      392  startup_stm32f4xx.o(RESET)
    !!!main                                  0x08000188   Section        8  __main.o(!!!main)
    !!!scatter                               0x08000190   Section       52  __scatter.o(!!!scatter)
    !!handler_copy                           0x080001c4   Section       26  __scatter_copy.o(!!handler_copy)
    !!handler_zi                             0x080001e0   Section       28  __scatter_zi.o(!!handler_zi)
    .ARM.Collect$$_printf_percent$$00000000  0x080001fc   Section        0  _printf_percent.o(.ARM.Collect$$_printf_percent$$00000000)
    .ARM.Collect$$_printf_percent$$00000003  0x080001fc   Section        6  _printf_f.o(.ARM.Collect$$_printf_percent$$00000003)
    .ARM.Collect$$_printf_percent$$00000009  0x08000202   Section        6  _printf_d.o(.ARM.Collect$$_printf_percent$$00000009)
    .ARM.Collect$$_printf_percent$$00000017  0x08000208   Section        4  _printf_percent_end.o(.ARM.Collect$$_printf_percent$$00000017)
    .ARM.Collect$$libinit$$00000000          0x0800020c   Section        2  libinit.o(.ARM.Collect$$libinit$$00000000)
    .ARM.Collect$$libinit$$00000001          0x0800020e   Section        4  libinit2.o(.ARM.Collect$$libinit$$00000001)
    .ARM.Collect$$libinit$$00000004          0x08000212   Section        0  libinit2.o(.ARM.Collect$$libinit$$00000004)
    .ARM.Collect$$libinit$$0000000A          0x08000212   Section        0  libinit2.o(.ARM.Collect$$libinit$$0000000A)
    .ARM.Collect$$libinit$$0000000C          0x08000212   Section        0  libinit2.o(.ARM.Collect$$libinit$$0000000C)
    .ARM.Collect$$libinit$$0000000E          0x08000212   Section        0  libinit2.o(.ARM.Collect$$libinit$$0000000E)
    .ARM.Collect$$libinit$$0000000F          0x08000212   Section        6  libinit2.o(.ARM.Collect$$libinit$$0000000F)
    .ARM.Collect$$libinit$$00000011          0x08000218   Section        0  libinit2.o(.ARM.Collect$$libinit$$00000011)
    .ARM.Collect$$libinit$$00000013          0x08000218   Section        0  libinit2.o(.ARM.Collect$$libinit$$00000013)
    .ARM.Collect$$libinit$$00000015          0x08000218   Section        0  libinit2.o(.ARM.Collect$$libinit$$00000015)
    .ARM.Collect$$libinit$$00000016          0x08000218   Section       10  libinit2.o(.ARM.Collect$$libinit$$00000016)
    .ARM.Collect$$libinit$$00000017          0x08000222   Section        0  libinit2.o(.ARM.Collect$$libinit$$00000017)
    .ARM.Collect$$libinit$$00000019          0x08000222   Section        0  libinit2.o(.ARM.Collect$$libinit$$00000019)
    .ARM.Collect$$libinit$$0000001B          0x08000222   Section        0  libinit2.o(.ARM.Collect$$libinit$$0000001B)
    .ARM.Collect$$libinit$$0000001D          0x08000222   Section        0  libinit2.o(.ARM.Collect$$libinit$$0000001D)
    .ARM.Collect$$libinit$$0000001F          0x08000222   Section        0  libinit2.o(.ARM.Collect$$libinit$$0000001F)
    .ARM.Collect$$libinit$$00000021          0x08000222   Section        0  libinit2.o(.ARM.Collect$$libinit$$00000021)
    .ARM.Collect$$libinit$$00000023          0x08000222   Section        0  libinit2.o(.ARM.Collect$$libinit$$00000023)
    .ARM.Collect$$libinit$$00000025          0x08000222   Section        0  libinit2.o(.ARM.Collect$$libinit$$00000025)
    .ARM.Collect$$libinit$$0000002C          0x08000222   Section        0  libinit2.o(.ARM.Collect$$libinit$$0000002C)
    .ARM.Collect$$libinit$$0000002E          0x08000222   Section        0  libinit2.o(.ARM.Collect$$libinit$$0000002E)
    .ARM.Collect$$libinit$$00000030          0x08000222   Section        0  libinit2.o(.ARM.Collect$$libinit$$00000030)
    .ARM.Collect$$libinit$$00000032          0x08000222   Section        0  libinit2.o(.ARM.Collect$$libinit$$00000032)
    .ARM.Collect$$libinit$$00000033          0x08000222   Section        2  libinit2.o(.ARM.Collect$$libinit$$00000033)
    .ARM.Collect$$libshutdown$$00000000      0x08000224   Section        2  libshutdown.o(.ARM.Collect$$libshutdown$$00000000)
    .ARM.Collect$$libshutdown$$00000002      0x08000226   Section        0  libshutdown2.o(.ARM.Collect$$libshutdown$$00000002)
    .ARM.Collect$$libshutdown$$00000004      0x08000226   Section        0  libshutdown2.o(.ARM.Collect$$libshutdown$$00000004)
    .ARM.Collect$$libshutdown$$00000007      0x08000226   Section        0  libshutdown2.o(.ARM.Collect$$libshutdown$$00000007)
    .ARM.Collect$$libshutdown$$0000000A      0x08000226   Section        0  libshutdown2.o(.ARM.Collect$$libshutdown$$0000000A)
    .ARM.Collect$$libshutdown$$0000000C      0x08000226   Section        0  libshutdown2.o(.ARM.Collect$$libshutdown$$0000000C)
    .ARM.Collect$$libshutdown$$0000000F      0x08000226   Section        0  libshutdown2.o(.ARM.Collect$$libshutdown$$0000000F)
    .ARM.Collect$$libshutdown$$00000010      0x08000226   Section        2  libshutdown2.o(.ARM.Collect$$libshutdown$$00000010)
    .ARM.Collect$$rtentry$$00000000          0x08000228   Section        0  __rtentry.o(.ARM.Collect$$rtentry$$00000000)
    .ARM.Collect$$rtentry$$00000002          0x08000228   Section        0  __rtentry2.o(.ARM.Collect$$rtentry$$00000002)
    .ARM.Collect$$rtentry$$00000004          0x08000228   Section        6  __rtentry4.o(.ARM.Collect$$rtentry$$00000004)
    .ARM.Collect$$rtentry$$00000009          0x0800022e   Section        0  __rtentry2.o(.ARM.Collect$$rtentry$$00000009)
    .ARM.Collect$$rtentry$$0000000A          0x0800022e   Section        4  __rtentry2.o(.ARM.Collect$$rtentry$$0000000A)
    .ARM.Collect$$rtentry$$0000000C          0x08000232   Section        0  __rtentry2.o(.ARM.Collect$$rtentry$$0000000C)
    .ARM.Collect$$rtentry$$0000000D          0x08000232   Section        8  __rtentry2.o(.ARM.Collect$$rtentry$$0000000D)
    .ARM.Collect$$rtexit$$00000000           0x0800023a   Section        2  rtexit.o(.ARM.Collect$$rtexit$$00000000)
    .ARM.Collect$$rtexit$$00000002           0x0800023c   Section        0  rtexit2.o(.ARM.Collect$$rtexit$$00000002)
    .ARM.Collect$$rtexit$$00000003           0x0800023c   Section        4  rtexit2.o(.ARM.Collect$$rtexit$$00000003)
    .ARM.Collect$$rtexit$$00000004           0x08000240   Section        6  rtexit2.o(.ARM.Collect$$rtexit$$00000004)
    .text                                    0x08000248   Section        0  misc.o(.text)
    .text                                    0x08000328   Section        0  stm32f4xx_adc.o(.text)
    .text                                    0x0800078c   Section        0  stm32f4xx_exti.o(.text)
    .text                                    0x080008a8   Section        0  stm32f4xx_gpio.o(.text)
    .text                                    0x08000b04   Section        0  stm32f4xx_rcc.o(.text)
    .text                                    0x0800108c   Section        0  stm32f4xx_spi.o(.text)
    .text                                    0x08001484   Section        0  stm32f4xx_syscfg.o(.text)
    .text                                    0x08001510   Section        0  stm32f4xx_tim.o(.text)
    TI4_Config                               0x08001caf   Thumb Code    80  stm32f4xx_tim.o(.text)
    TI3_Config                               0x08001d11   Thumb Code    72  stm32f4xx_tim.o(.text)
    TI2_Config                               0x08001d73   Thumb Code    90  stm32f4xx_tim.o(.text)
    TI1_Config                               0x08001ddf   Thumb Code    58  stm32f4xx_tim.o(.text)
    .text                                    0x080021b4   Section        0  main.o(.text)
    .text                                    0x080028c8   Section        0  stm32f4xx_it.o(.text)
    .text                                    0x08002954   Section        0  delay.o(.text)
    NVIC_SetPriority                         0x08002955   Thumb Code    32  delay.o(.text)
    .text                                    0x08002a6c   Section        0  led.o(.text)
    .text                                    0x08002b2c   Section        0  button.o(.text)
    .text                                    0x08002c00   Section        0  matrixdisplay.o(.text)
    .text                                    0x08002d98   Section        0  spi.o(.text)
    .text                                    0x08002efc   Section        0  buzzer.o(.text)
    .text                                    0x08003008   Section        0  adc.o(.text)
    .text                                    0x08003104   Section        0  sensor_function.o(.text)
    .text                                    0x08003470   Section       64  startup_stm32f4xx.o(.text)
    $v0                                      0x08003470   Number         0  startup_stm32f4xx.o(.text)
    .text                                    0x080034b0   Section        0  system_stm32f4xx.o(.text)
    SetSysClock                              0x080034b1   Thumb Code   386  system_stm32f4xx.o(.text)
    .text                                    0x08003764   Section        0  noretval__2sprintf.o(.text)
    .text                                    0x0800378c   Section        0  noretval__2snprintf.o(.text)
    .text                                    0x080037c0   Section        0  _printf_pad.o(.text)
    .text                                    0x08003810   Section        0  _printf_dec.o(.text)
    .text                                    0x08003888   Section        0  __printf_flags_wp.o(.text)
    .text                                    0x080039c0   Section        0  heapauxi.o(.text)
    .text                                    0x080039c6   Section        0  _printf_intcommon.o(.text)
    .text                                    0x08003a78   Section        0  _printf_fp_dec.o(.text)
    _fp_digits                               0x08003a7b   Thumb Code   432  _printf_fp_dec.o(.text)
    .text                                    0x08003e98   Section        0  _printf_char_common.o(.text)
    _printf_input_char                       0x08003e99   Thumb Code    10  _printf_char_common.o(.text)
    .text                                    0x08003ec8   Section        0  _sputc.o(.text)
    .text                                    0x08003ed2   Section        0  _snputc.o(.text)
    .text                                    0x08003ee4   Section        8  rt_locale_intlibspace.o(.text)
    .text                                    0x08003eec   Section      138  lludiv10.o(.text)
    .text                                    0x08003f78   Section        0  _printf_fp_infnan.o(.text)
    .text                                    0x08003ff8   Section        0  bigflt0.o(.text)
    .text                                    0x080040dc   Section        8  libspace.o(.text)
    .text                                    0x080040e4   Section       74  sys_stackheap_outer.o(.text)
    .text                                    0x0800412e   Section        0  exit.o(.text)
    .text                                    0x08004140   Section      128  strcmpv7m.o(.text)
    .text                                    0x080041c0   Section        0  sys_exit.o(.text)
    .text                                    0x080041cc   Section        2  use_no_semi.o(.text)
    .text                                    0x080041ce   Section        0  indicate_semi.o(.text)
    CL$$btod_d2e                             0x080041ce   Section       62  btod.o(CL$$btod_d2e)
    CL$$btod_d2e_denorm_low                  0x0800420c   Section       70  btod.o(CL$$btod_d2e_denorm_low)
    CL$$btod_d2e_norm_op1                    0x08004252   Section       96  btod.o(CL$$btod_d2e_norm_op1)
    CL$$btod_div_common                      0x080042b2   Section      824  btod.o(CL$$btod_div_common)
    CL$$btod_e2e                             0x080045ea   Section      220  btod.o(CL$$btod_e2e)
    CL$$btod_ediv                            0x080046c6   Section       42  btod.o(CL$$btod_ediv)
    CL$$btod_emul                            0x080046f0   Section       42  btod.o(CL$$btod_emul)
    CL$$btod_mult_common                     0x0800471a   Section      580  btod.o(CL$$btod_mult_common)
    i.__ARM_fpclassify                       0x0800495e   Section        0  fpclassify.o(i.__ARM_fpclassify)
    i._is_digit                              0x0800498e   Section        0  __printf_wp.o(i._is_digit)
    locale$$code                             0x0800499c   Section       44  lc_numeric_c.o(locale$$code)
    x$fpl$dretinf                            0x080049c8   Section       12  dretinf.o(x$fpl$dretinf)
    $v0                                      0x080049c8   Number         0  dretinf.o(x$fpl$dretinf)
    x$fpl$f2d                                0x080049d4   Section       86  f2d.o(x$fpl$f2d)
    $v0                                      0x080049d4   Number         0  f2d.o(x$fpl$f2d)
    x$fpl$fnaninf                            0x08004a2a   Section      140  fnaninf.o(x$fpl$fnaninf)
    $v0                                      0x08004a2a   Number         0  fnaninf.o(x$fpl$fnaninf)
    x$fpl$fpinit                             0x08004ab6   Section       10  fpinit.o(x$fpl$fpinit)
    $v0                                      0x08004ab6   Number         0  fpinit.o(x$fpl$fpinit)
    x$fpl$printf1                            0x08004ac0   Section        4  printf1.o(x$fpl$printf1)
    $v0                                      0x08004ac0   Number         0  printf1.o(x$fpl$printf1)
    .constdata                               0x08004ac4   Section      810  matrixdisplay.o(.constdata)
    x$fpl$usenofp                            0x08004ac4   Section        0  usenofp.o(x$fpl$usenofp)
    .constdata                               0x08004dee   Section       17  __printf_flags_wp.o(.constdata)
    maptable                                 0x08004dee   Data          17  __printf_flags_wp.o(.constdata)
    .constdata                               0x08004e00   Section      148  bigflt0.o(.constdata)
    tenpwrs_x                                0x08004e00   Data          60  bigflt0.o(.constdata)
    tenpwrs_i                                0x08004e3c   Data          64  bigflt0.o(.constdata)
    locale$$data                             0x08004eb4   Section       28  lc_numeric_c.o(locale$$data)
    __lcnum_c_name                           0x08004eb8   Data           2  lc_numeric_c.o(locale$$data)
    __lcnum_c_start                          0x08004ec0   Data           0  lc_numeric_c.o(locale$$data)
    __lcnum_c_point                          0x08004ecc   Data           0  lc_numeric_c.o(locale$$data)
    __lcnum_c_thousands                      0x08004ece   Data           0  lc_numeric_c.o(locale$$data)
    __lcnum_c_grouping                       0x08004ecf   Data           0  lc_numeric_c.o(locale$$data)
    __lcnum_c_end                            0x08004ed0   Data           0  lc_numeric_c.o(locale$$data)
    .data                                    0x20000000   Section       16  stm32f4xx_rcc.o(.data)
    APBAHBPrescTable                         0x20000000   Data          16  stm32f4xx_rcc.o(.data)
    .data                                    0x20000010   Section       29  main.o(.data)
    .data                                    0x20000030   Section        8  delay.o(.data)
    .data                                    0x20000038   Section        4  buzzer.o(.data)
    .data                                    0x2000003c   Section       40  sensor_function.o(.data)
    .data                                    0x20000064   Section       20  system_stm32f4xx.o(.data)
    .bss                                     0x20000078   Section       96  libspace.o(.bss)
    HEAP                                     0x200000d8   Section      512  startup_stm32f4xx.o(HEAP)
    Heap_Mem                                 0x200000d8   Data         512  startup_stm32f4xx.o(HEAP)
    STACK                                    0x200002d8   Section     1024  startup_stm32f4xx.o(STACK)
    Stack_Mem                                0x200002d8   Data        1024  startup_stm32f4xx.o(STACK)
    __initial_sp                             0x200006d8   Data           0  startup_stm32f4xx.o(STACK)

    Global Symbols

    Symbol Name                              Value     Ov Type        Size  Object(Section)

    BuildAttributes$$THM_ISAv4$E$P$D$K$B$S$7EM$VFPi3$EXTD16$VFPS$VFMA$PE$A:L22UL41UL21$X:L11$S22US41US21$IEEE1$IW$USESV6$~STKCKD$USESV7$~SHL$OTIME$ROPI$IEEEJ$EBA8$UX$STANDARDLIB$REQ8$PRES8$EABIv2 0x00000000   Number         0  anon$$obj.o ABSOLUTE
    __ARM_use_no_argv                        0x00000000   Number         0  main.o ABSOLUTE
    _printf_flags                            0x00000000   Number         0  printf_stubs.o ABSOLUTE
    _printf_return_value                     0x00000000   Number         0  printf_stubs.o ABSOLUTE
    _printf_sizespec                         0x00000000   Number         0  printf_stubs.o ABSOLUTE
    _printf_widthprec                        0x00000000   Number         0  printf_stubs.o ABSOLUTE
    __ARM_exceptions_init                     - Undefined Weak Reference
    __alloca_initialize                       - Undefined Weak Reference
    __arm_preinit_                            - Undefined Weak Reference
    __cpp_initialize__aeabi_                  - Undefined Weak Reference
    __cxa_finalize                            - Undefined Weak Reference
    __sigvec_lookup                           - Undefined Weak Reference
    _atexit_init                              - Undefined Weak Reference
    _call_atexit_fns                          - Undefined Weak Reference
    _clock_init                               - Undefined Weak Reference
    _fp_trap_init                             - Undefined Weak Reference
    _fp_trap_shutdown                         - Undefined Weak Reference
    _get_lc_collate                           - Undefined Weak Reference
    _get_lc_ctype                             - Undefined Weak Reference
    _get_lc_monetary                          - Undefined Weak Reference
    _get_lc_time                              - Undefined Weak Reference
    _getenv_init                              - Undefined Weak Reference
    _handle_redirection                       - Undefined Weak Reference
    _init_alloc                               - Undefined Weak Reference
    _init_user_alloc                          - Undefined Weak Reference
    _initio                                   - Undefined Weak Reference
    _printf_truncate_signed                   - Undefined Weak Reference
    _printf_truncate_unsigned                 - Undefined Weak Reference
    _rand_init                                - Undefined Weak Reference
    _signal_finish                            - Undefined Weak Reference
    _signal_init                              - Undefined Weak Reference
    _terminate_alloc                          - Undefined Weak Reference
    _terminate_user_alloc                     - Undefined Weak Reference
    _terminateio                              - Undefined Weak Reference
    __Vectors_Size                           0x00000188   Number         0  startup_stm32f4xx.o ABSOLUTE
    __Vectors                                0x08000000   Data           4  startup_stm32f4xx.o(RESET)
    __Vectors_End                            0x08000188   Data           0  startup_stm32f4xx.o(RESET)
    __main                                   0x08000189   Thumb Code     8  __main.o(!!!main)
    __scatterload                            0x08000191   Thumb Code     0  __scatter.o(!!!scatter)
    __scatterload_rt2                        0x08000191   Thumb Code    44  __scatter.o(!!!scatter)
    __scatterload_rt2_thumb_only             0x08000191   Thumb Code     0  __scatter.o(!!!scatter)
    __scatterload_null                       0x0800019f   Thumb Code     0  __scatter.o(!!!scatter)
    __scatterload_copy                       0x080001c5   Thumb Code    26  __scatter_copy.o(!!handler_copy)
    __scatterload_zeroinit                   0x080001e1   Thumb Code    28  __scatter_zi.o(!!handler_zi)
    _printf_f                                0x080001fd   Thumb Code     0  _printf_f.o(.ARM.Collect$$_printf_percent$$00000003)
    _printf_percent                          0x080001fd   Thumb Code     0  _printf_percent.o(.ARM.Collect$$_printf_percent$$00000000)
    _printf_d                                0x08000203   Thumb Code     0  _printf_d.o(.ARM.Collect$$_printf_percent$$00000009)
    _printf_percent_end                      0x08000209   Thumb Code     0  _printf_percent_end.o(.ARM.Collect$$_printf_percent$$00000017)
    __rt_lib_init                            0x0800020d   Thumb Code     0  libinit.o(.ARM.Collect$$libinit$$00000000)
    __rt_lib_init_fp_1                       0x0800020f   Thumb Code     0  libinit2.o(.ARM.Collect$$libinit$$00000001)
    __rt_lib_init_heap_1                     0x08000213   Thumb Code     0  libinit2.o(.ARM.Collect$$libinit$$0000000A)
    __rt_lib_init_lc_common                  0x08000213   Thumb Code     0  libinit2.o(.ARM.Collect$$libinit$$0000000F)
    __rt_lib_init_preinit_1                  0x08000213   Thumb Code     0  libinit2.o(.ARM.Collect$$libinit$$00000004)
    __rt_lib_init_rand_1                     0x08000213   Thumb Code     0  libinit2.o(.ARM.Collect$$libinit$$0000000E)
    __rt_lib_init_user_alloc_1               0x08000213   Thumb Code     0  libinit2.o(.ARM.Collect$$libinit$$0000000C)
    __rt_lib_init_lc_collate_1               0x08000219   Thumb Code     0  libinit2.o(.ARM.Collect$$libinit$$00000011)
    __rt_lib_init_lc_ctype_1                 0x08000219   Thumb Code     0  libinit2.o(.ARM.Collect$$libinit$$00000013)
    __rt_lib_init_lc_monetary_1              0x08000219   Thumb Code     0  libinit2.o(.ARM.Collect$$libinit$$00000015)
    __rt_lib_init_lc_numeric_2               0x08000219   Thumb Code     0  libinit2.o(.ARM.Collect$$libinit$$00000016)
    __rt_lib_init_alloca_1                   0x08000223   Thumb Code     0  libinit2.o(.ARM.Collect$$libinit$$0000002E)
    __rt_lib_init_argv_1                     0x08000223   Thumb Code     0  libinit2.o(.ARM.Collect$$libinit$$0000002C)
    __rt_lib_init_atexit_1                   0x08000223   Thumb Code     0  libinit2.o(.ARM.Collect$$libinit$$0000001B)
    __rt_lib_init_clock_1                    0x08000223   Thumb Code     0  libinit2.o(.ARM.Collect$$libinit$$00000021)
    __rt_lib_init_cpp_1                      0x08000223   Thumb Code     0  libinit2.o(.ARM.Collect$$libinit$$00000032)
    __rt_lib_init_exceptions_1               0x08000223   Thumb Code     0  libinit2.o(.ARM.Collect$$libinit$$00000030)
    __rt_lib_init_fp_trap_1                  0x08000223   Thumb Code     0  libinit2.o(.ARM.Collect$$libinit$$0000001F)
    __rt_lib_init_getenv_1                   0x08000223   Thumb Code     0  libinit2.o(.ARM.Collect$$libinit$$00000023)
    __rt_lib_init_lc_numeric_1               0x08000223   Thumb Code     0  libinit2.o(.ARM.Collect$$libinit$$00000017)
    __rt_lib_init_lc_time_1                  0x08000223   Thumb Code     0  libinit2.o(.ARM.Collect$$libinit$$00000019)
    __rt_lib_init_return                     0x08000223   Thumb Code     0  libinit2.o(.ARM.Collect$$libinit$$00000033)
    __rt_lib_init_signal_1                   0x08000223   Thumb Code     0  libinit2.o(.ARM.Collect$$libinit$$0000001D)
    __rt_lib_init_stdio_1                    0x08000223   Thumb Code     0  libinit2.o(.ARM.Collect$$libinit$$00000025)
    __rt_lib_shutdown                        0x08000225   Thumb Code     0  libshutdown.o(.ARM.Collect$$libshutdown$$00000000)
    __rt_lib_shutdown_cpp_1                  0x08000227   Thumb Code     0  libshutdown2.o(.ARM.Collect$$libshutdown$$00000002)
    __rt_lib_shutdown_fp_trap_1              0x08000227   Thumb Code     0  libshutdown2.o(.ARM.Collect$$libshutdown$$00000007)
    __rt_lib_shutdown_heap_1                 0x08000227   Thumb Code     0  libshutdown2.o(.ARM.Collect$$libshutdown$$0000000F)
    __rt_lib_shutdown_return                 0x08000227   Thumb Code     0  libshutdown2.o(.ARM.Collect$$libshutdown$$00000010)
    __rt_lib_shutdown_signal_1               0x08000227   Thumb Code     0  libshutdown2.o(.ARM.Collect$$libshutdown$$0000000A)
    __rt_lib_shutdown_stdio_1                0x08000227   Thumb Code     0  libshutdown2.o(.ARM.Collect$$libshutdown$$00000004)
    __rt_lib_shutdown_user_alloc_1           0x08000227   Thumb Code     0  libshutdown2.o(.ARM.Collect$$libshutdown$$0000000C)
    __rt_entry                               0x08000229   Thumb Code     0  __rtentry.o(.ARM.Collect$$rtentry$$00000000)
    __rt_entry_presh_1                       0x08000229   Thumb Code     0  __rtentry2.o(.ARM.Collect$$rtentry$$00000002)
    __rt_entry_sh                            0x08000229   Thumb Code     0  __rtentry4.o(.ARM.Collect$$rtentry$$00000004)
    __rt_entry_li                            0x0800022f   Thumb Code     0  __rtentry2.o(.ARM.Collect$$rtentry$$0000000A)
    __rt_entry_postsh_1                      0x0800022f   Thumb Code     0  __rtentry2.o(.ARM.Collect$$rtentry$$00000009)
    __rt_entry_main                          0x08000233   Thumb Code     0  __rtentry2.o(.ARM.Collect$$rtentry$$0000000D)
    __rt_entry_postli_1                      0x08000233   Thumb Code     0  __rtentry2.o(.ARM.Collect$$rtentry$$0000000C)
    __rt_exit                                0x0800023b   Thumb Code     0  rtexit.o(.ARM.Collect$$rtexit$$00000000)
    __rt_exit_ls                             0x0800023d   Thumb Code     0  rtexit2.o(.ARM.Collect$$rtexit$$00000003)
    __rt_exit_prels_1                        0x0800023d   Thumb Code     0  rtexit2.o(.ARM.Collect$$rtexit$$00000002)
    __rt_exit_exit                           0x08000241   Thumb Code     0  rtexit2.o(.ARM.Collect$$rtexit$$00000004)
    NVIC_PriorityGroupConfig                 0x08000249   Thumb Code    10  misc.o(.text)
    NVIC_Init                                0x08000253   Thumb Code   106  misc.o(.text)
    NVIC_SetVectorTable                      0x080002bd   Thumb Code    14  misc.o(.text)
    NVIC_SystemLPConfig                      0x080002cb   Thumb Code    34  misc.o(.text)
    SysTick_CLKSourceConfig                  0x080002ed   Thumb Code    40  misc.o(.text)
    ADC_DeInit                               0x08000329   Thumb Code    22  stm32f4xx_adc.o(.text)
    ADC_Init                                 0x0800033f   Thumb Code    74  stm32f4xx_adc.o(.text)
    ADC_StructInit                           0x08000389   Thumb Code    20  stm32f4xx_adc.o(.text)
    ADC_CommonInit                           0x0800039d   Thumb Code    34  stm32f4xx_adc.o(.text)
    ADC_CommonStructInit                     0x080003bf   Thumb Code    12  stm32f4xx_adc.o(.text)
    ADC_Cmd                                  0x080003cb   Thumb Code    22  stm32f4xx_adc.o(.text)
    ADC_AnalogWatchdogCmd                    0x080003e1   Thumb Code    16  stm32f4xx_adc.o(.text)
    ADC_AnalogWatchdogThresholdsConfig       0x080003f1   Thumb Code     6  stm32f4xx_adc.o(.text)
    ADC_AnalogWatchdogSingleChannelConfig    0x080003f7   Thumb Code    16  stm32f4xx_adc.o(.text)
    ADC_TempSensorVrefintCmd                 0x08000407   Thumb Code    34  stm32f4xx_adc.o(.text)
    ADC_VBATCmd                              0x08000429   Thumb Code    34  stm32f4xx_adc.o(.text)
    ADC_RegularChannelConfig                 0x0800044b   Thumb Code   184  stm32f4xx_adc.o(.text)
    ADC_SoftwareStartConv                    0x08000503   Thumb Code    10  stm32f4xx_adc.o(.text)
    ADC_GetSoftwareStartConvStatus           0x0800050d   Thumb Code    20  stm32f4xx_adc.o(.text)
    ADC_EOCOnEachRegularChannelCmd           0x08000521   Thumb Code    22  stm32f4xx_adc.o(.text)
    ADC_ContinuousModeCmd                    0x08000537   Thumb Code    22  stm32f4xx_adc.o(.text)
    ADC_DiscModeChannelCountConfig           0x0800054d   Thumb Code    24  stm32f4xx_adc.o(.text)
    ADC_DiscModeCmd                          0x08000565   Thumb Code    22  stm32f4xx_adc.o(.text)
    ADC_GetConversionValue                   0x0800057b   Thumb Code     8  stm32f4xx_adc.o(.text)
    ADC_GetMultiModeConversionValue          0x08000583   Thumb Code     8  stm32f4xx_adc.o(.text)
    ADC_DMACmd                               0x0800058b   Thumb Code    22  stm32f4xx_adc.o(.text)
    ADC_DMARequestAfterLastTransferCmd       0x080005a1   Thumb Code    22  stm32f4xx_adc.o(.text)
    ADC_MultiModeDMARequestAfterLastTransferCmd 0x080005b7   Thumb Code    34  stm32f4xx_adc.o(.text)
    ADC_InjectedChannelConfig                0x080005d9   Thumb Code   130  stm32f4xx_adc.o(.text)
    ADC_InjectedSequencerLengthConfig        0x0800065b   Thumb Code    24  stm32f4xx_adc.o(.text)
    ADC_SetInjectedOffset                    0x08000673   Thumb Code    20  stm32f4xx_adc.o(.text)
    ADC_ExternalTrigInjectedConvConfig       0x08000687   Thumb Code    16  stm32f4xx_adc.o(.text)
    ADC_ExternalTrigInjectedConvEdgeConfig   0x08000697   Thumb Code    16  stm32f4xx_adc.o(.text)
    ADC_SoftwareStartInjectedConv            0x080006a7   Thumb Code    10  stm32f4xx_adc.o(.text)
    ADC_GetSoftwareStartInjectedConvCmdStatus 0x080006b1   Thumb Code    20  stm32f4xx_adc.o(.text)
    ADC_AutoInjectedConvCmd                  0x080006c5   Thumb Code    22  stm32f4xx_adc.o(.text)
    ADC_InjectedDiscModeCmd                  0x080006db   Thumb Code    22  stm32f4xx_adc.o(.text)
    ADC_GetInjectedConversionValue           0x080006f1   Thumb Code    28  stm32f4xx_adc.o(.text)
    ADC_ITConfig                             0x0800070d   Thumb Code    56  stm32f4xx_adc.o(.text)
    ADC_GetFlagStatus                        0x08000745   Thumb Code    18  stm32f4xx_adc.o(.text)
    ADC_ClearFlag                            0x08000757   Thumb Code     6  stm32f4xx_adc.o(.text)
    ADC_GetITStatus                          0x0800075d   Thumb Code    38  stm32f4xx_adc.o(.text)
    ADC_ClearITPendingBit                    0x08000783   Thumb Code    10  stm32f4xx_adc.o(.text)
    EXTI_DeInit                              0x0800078d   Thumb Code    28  stm32f4xx_exti.o(.text)
    EXTI_Init                                0x080007a9   Thumb Code   142  stm32f4xx_exti.o(.text)
    EXTI_StructInit                          0x08000837   Thumb Code    16  stm32f4xx_exti.o(.text)
    EXTI_GenerateSWInterrupt                 0x08000847   Thumb Code    16  stm32f4xx_exti.o(.text)
    EXTI_GetFlagStatus                       0x08000857   Thumb Code    22  stm32f4xx_exti.o(.text)
    EXTI_ClearFlag                           0x0800086d   Thumb Code     8  stm32f4xx_exti.o(.text)
    EXTI_GetITStatus                         0x08000875   Thumb Code    34  stm32f4xx_exti.o(.text)
    EXTI_ClearITPendingBit                   0x08000897   Thumb Code     8  stm32f4xx_exti.o(.text)
    GPIO_DeInit                              0x080008a9   Thumb Code   220  stm32f4xx_gpio.o(.text)
    GPIO_Init                                0x08000985   Thumb Code   144  stm32f4xx_gpio.o(.text)
    GPIO_StructInit                          0x08000a15   Thumb Code    18  stm32f4xx_gpio.o(.text)
    GPIO_PinLockConfig                       0x08000a27   Thumb Code    34  stm32f4xx_gpio.o(.text)
    GPIO_ReadInputDataBit                    0x08000a49   Thumb Code    18  stm32f4xx_gpio.o(.text)
    GPIO_ReadInputData                       0x08000a5b   Thumb Code     8  stm32f4xx_gpio.o(.text)
    GPIO_ReadOutputDataBit                   0x08000a63   Thumb Code    18  stm32f4xx_gpio.o(.text)
    GPIO_ReadOutputData                      0x08000a75   Thumb Code     8  stm32f4xx_gpio.o(.text)
    GPIO_SetBits                             0x08000a7d   Thumb Code     4  stm32f4xx_gpio.o(.text)
    GPIO_ResetBits                           0x08000a81   Thumb Code     4  stm32f4xx_gpio.o(.text)
    GPIO_WriteBit                            0x08000a85   Thumb Code    10  stm32f4xx_gpio.o(.text)
    GPIO_Write                               0x08000a8f   Thumb Code     4  stm32f4xx_gpio.o(.text)
    GPIO_ToggleBits                          0x08000a93   Thumb Code     8  stm32f4xx_gpio.o(.text)
    GPIO_PinAFConfig                         0x08000a9b   Thumb Code    70  stm32f4xx_gpio.o(.text)
    RCC_DeInit                               0x08000b05   Thumb Code    60  stm32f4xx_rcc.o(.text)
    RCC_HSEConfig                            0x08000b41   Thumb Code    14  stm32f4xx_rcc.o(.text)
    RCC_GetFlagStatus                        0x08000b4f   Thumb Code    60  stm32f4xx_rcc.o(.text)
    RCC_WaitForHSEStartUp                    0x08000b8b   Thumb Code    56  stm32f4xx_rcc.o(.text)
    RCC_AdjustHSICalibrationValue            0x08000bc3   Thumb Code    20  stm32f4xx_rcc.o(.text)
    RCC_HSICmd                               0x08000bd7   Thumb Code     6  stm32f4xx_rcc.o(.text)
    RCC_LSEConfig                            0x08000bdd   Thumb Code    46  stm32f4xx_rcc.o(.text)
    RCC_LSICmd                               0x08000c0b   Thumb Code     6  stm32f4xx_rcc.o(.text)
    RCC_PLLConfig                            0x08000c11   Thumb Code    32  stm32f4xx_rcc.o(.text)
    RCC_PLLCmd                               0x08000c31   Thumb Code     6  stm32f4xx_rcc.o(.text)
    RCC_PLLI2SConfig                         0x08000c37   Thumb Code    14  stm32f4xx_rcc.o(.text)
    RCC_PLLI2SCmd                            0x08000c45   Thumb Code     6  stm32f4xx_rcc.o(.text)
    RCC_ClockSecuritySystemCmd               0x08000c4b   Thumb Code     6  stm32f4xx_rcc.o(.text)
    RCC_MCO1Config                           0x08000c51   Thumb Code    28  stm32f4xx_rcc.o(.text)
    RCC_MCO2Config                           0x08000c6d   Thumb Code    28  stm32f4xx_rcc.o(.text)
    RCC_SYSCLKConfig                         0x08000c89   Thumb Code    20  stm32f4xx_rcc.o(.text)
    RCC_GetSYSCLKSource                      0x08000c9d   Thumb Code    12  stm32f4xx_rcc.o(.text)
    RCC_HCLKConfig                           0x08000ca9   Thumb Code    20  stm32f4xx_rcc.o(.text)
    RCC_PCLK1Config                          0x08000cbd   Thumb Code    20  stm32f4xx_rcc.o(.text)
    RCC_PCLK2Config                          0x08000cd1   Thumb Code    22  stm32f4xx_rcc.o(.text)
    RCC_GetClocksFreq                        0x08000ce7   Thumb Code   222  stm32f4xx_rcc.o(.text)
    RCC_RTCCLKConfig                         0x08000dc5   Thumb Code    54  stm32f4xx_rcc.o(.text)
    RCC_RTCCLKCmd                            0x08000dfb   Thumb Code     8  stm32f4xx_rcc.o(.text)
    RCC_BackupResetCmd                       0x08000e03   Thumb Code     8  stm32f4xx_rcc.o(.text)
    RCC_I2SCLKConfig                         0x08000e0b   Thumb Code     6  stm32f4xx_rcc.o(.text)
    RCC_AHB1PeriphClockCmd                   0x08000e11   Thumb Code    34  stm32f4xx_rcc.o(.text)
    RCC_AHB2PeriphClockCmd                   0x08000e33   Thumb Code    34  stm32f4xx_rcc.o(.text)
    RCC_AHB3PeriphClockCmd                   0x08000e55   Thumb Code    34  stm32f4xx_rcc.o(.text)
    RCC_APB1PeriphClockCmd                   0x08000e77   Thumb Code    34  stm32f4xx_rcc.o(.text)
    RCC_APB2PeriphClockCmd                   0x08000e99   Thumb Code    34  stm32f4xx_rcc.o(.text)
    RCC_AHB1PeriphResetCmd                   0x08000ebb   Thumb Code    34  stm32f4xx_rcc.o(.text)
    RCC_AHB2PeriphResetCmd                   0x08000edd   Thumb Code    72  stm32f4xx_rcc.o(.text)
    RCC_AHB3PeriphResetCmd                   0x08000f25   Thumb Code    34  stm32f4xx_rcc.o(.text)
    RCC_APB1PeriphResetCmd                   0x08000f47   Thumb Code    34  stm32f4xx_rcc.o(.text)
    RCC_APB2PeriphResetCmd                   0x08000f69   Thumb Code    34  stm32f4xx_rcc.o(.text)
    RCC_AHB1PeriphClockLPModeCmd             0x08000f8b   Thumb Code    34  stm32f4xx_rcc.o(.text)
    RCC_AHB2PeriphClockLPModeCmd             0x08000fad   Thumb Code    34  stm32f4xx_rcc.o(.text)
    RCC_AHB3PeriphClockLPModeCmd             0x08000fcf   Thumb Code    34  stm32f4xx_rcc.o(.text)
    RCC_APB1PeriphClockLPModeCmd             0x08000ff1   Thumb Code    34  stm32f4xx_rcc.o(.text)
    RCC_APB2PeriphClockLPModeCmd             0x08001013   Thumb Code    34  stm32f4xx_rcc.o(.text)
    RCC_ITConfig                             0x08001035   Thumb Code    34  stm32f4xx_rcc.o(.text)
    RCC_ClearFlag                            0x08001057   Thumb Code    18  stm32f4xx_rcc.o(.text)
    RCC_GetITStatus                          0x08001069   Thumb Code    22  stm32f4xx_rcc.o(.text)
    RCC_ClearITPendingBit                    0x0800107f   Thumb Code     8  stm32f4xx_rcc.o(.text)
    SPI_I2S_DeInit                           0x0800108d   Thumb Code    76  stm32f4xx_spi.o(.text)
    SPI_Init                                 0x080010d9   Thumb Code    60  stm32f4xx_spi.o(.text)
    I2S_Init                                 0x08001115   Thumb Code   350  stm32f4xx_spi.o(.text)
    SPI_StructInit                           0x08001273   Thumb Code    24  stm32f4xx_spi.o(.text)
    I2S_StructInit                           0x0800128b   Thumb Code    20  stm32f4xx_spi.o(.text)
    SPI_Cmd                                  0x0800129f   Thumb Code    24  stm32f4xx_spi.o(.text)
    I2S_Cmd                                  0x080012b7   Thumb Code    24  stm32f4xx_spi.o(.text)
    SPI_DataSizeConfig                       0x080012cf   Thumb Code    18  stm32f4xx_spi.o(.text)
    SPI_BiDirectionalLineConfig              0x080012e1   Thumb Code    28  stm32f4xx_spi.o(.text)
    SPI_NSSInternalSoftwareConfig            0x080012fd   Thumb Code    30  stm32f4xx_spi.o(.text)
    SPI_SSOutputCmd                          0x0800131b   Thumb Code    24  stm32f4xx_spi.o(.text)
    SPI_TIModeCmd                            0x08001333   Thumb Code    24  stm32f4xx_spi.o(.text)
    I2S_FullDuplexConfig                     0x0800134b   Thumb Code    80  stm32f4xx_spi.o(.text)
    SPI_I2S_ReceiveData                      0x0800139b   Thumb Code     6  stm32f4xx_spi.o(.text)
    SPI_I2S_SendData                         0x080013a1   Thumb Code     4  stm32f4xx_spi.o(.text)
    SPI_CalculateCRC                         0x080013a5   Thumb Code    24  stm32f4xx_spi.o(.text)
    SPI_TransmitCRC                          0x080013bd   Thumb Code    10  stm32f4xx_spi.o(.text)
    SPI_GetCRC                               0x080013c7   Thumb Code    16  stm32f4xx_spi.o(.text)
    SPI_GetCRCPolynomial                     0x080013d7   Thumb Code     6  stm32f4xx_spi.o(.text)
    SPI_I2S_DMACmd                           0x080013dd   Thumb Code    18  stm32f4xx_spi.o(.text)
    SPI_I2S_ITConfig                         0x080013ef   Thumb Code    32  stm32f4xx_spi.o(.text)
    SPI_I2S_GetFlagStatus                    0x0800140f   Thumb Code    18  stm32f4xx_spi.o(.text)
    SPI_I2S_ClearFlag                        0x08001421   Thumb Code     6  stm32f4xx_spi.o(.text)
    SPI_I2S_GetITStatus                      0x08001427   Thumb Code    52  stm32f4xx_spi.o(.text)
    SPI_I2S_ClearITPendingBit                0x0800145b   Thumb Code    42  stm32f4xx_spi.o(.text)
    SYSCFG_DeInit                            0x08001485   Thumb Code    22  stm32f4xx_syscfg.o(.text)
    SYSCFG_MemoryRemapConfig                 0x0800149b   Thumb Code     6  stm32f4xx_syscfg.o(.text)
    SYSCFG_EXTILineConfig                    0x080014a1   Thumb Code    66  stm32f4xx_syscfg.o(.text)
    SYSCFG_ETH_MediaInterfaceConfig          0x080014e3   Thumb Code     6  stm32f4xx_syscfg.o(.text)
    SYSCFG_CompensationCellCmd               0x080014e9   Thumb Code     6  stm32f4xx_syscfg.o(.text)
    SYSCFG_GetCompensationCellStatus         0x080014ef   Thumb Code    22  stm32f4xx_syscfg.o(.text)
    TIM_DeInit                               0x08001511   Thumb Code   346  stm32f4xx_tim.o(.text)
    TIM_TimeBaseInit                         0x0800166b   Thumb Code   104  stm32f4xx_tim.o(.text)
    TIM_TimeBaseStructInit                   0x080016d3   Thumb Code    18  stm32f4xx_tim.o(.text)
    TIM_PrescalerConfig                      0x080016e5   Thumb Code     6  stm32f4xx_tim.o(.text)
    TIM_CounterModeConfig                    0x080016eb   Thumb Code    18  stm32f4xx_tim.o(.text)
    TIM_SetCounter                           0x080016fd   Thumb Code     4  stm32f4xx_tim.o(.text)
    TIM_SetAutoreload                        0x08001701   Thumb Code     4  stm32f4xx_tim.o(.text)
    TIM_GetCounter                           0x08001705   Thumb Code     6  stm32f4xx_tim.o(.text)
    TIM_GetPrescaler                         0x0800170b   Thumb Code     6  stm32f4xx_tim.o(.text)
    TIM_UpdateDisableConfig                  0x08001711   Thumb Code    24  stm32f4xx_tim.o(.text)
    TIM_UpdateRequestConfig                  0x08001729   Thumb Code    24  stm32f4xx_tim.o(.text)
    TIM_ARRPreloadConfig                     0x08001741   Thumb Code    24  stm32f4xx_tim.o(.text)
    TIM_SelectOnePulseMode                   0x08001759   Thumb Code    18  stm32f4xx_tim.o(.text)
    TIM_SetClockDivision                     0x0800176b   Thumb Code    18  stm32f4xx_tim.o(.text)
    TIM_Cmd                                  0x0800177d   Thumb Code    24  stm32f4xx_tim.o(.text)
    TIM_OC1Init                              0x08001795   Thumb Code   114  stm32f4xx_tim.o(.text)
    TIM_OC2Init                              0x08001807   Thumb Code   154  stm32f4xx_tim.o(.text)
    TIM_OC3Init                              0x080018a1   Thumb Code   204  stm32f4xx_tim.o(.text)
    TIM_OC4Init                              0x0800196d   Thumb Code   112  stm32f4xx_tim.o(.text)
    TIM_OCStructInit                         0x080019dd   Thumb Code    20  stm32f4xx_tim.o(.text)
    TIM_SelectOCxM                           0x080019f1   Thumb Code    86  stm32f4xx_tim.o(.text)
    TIM_SetCompare1                          0x08001a47   Thumb Code     4  stm32f4xx_tim.o(.text)
    TIM_SetCompare2                          0x08001a4b   Thumb Code     4  stm32f4xx_tim.o(.text)
    TIM_SetCompare3                          0x08001a4f   Thumb Code     4  stm32f4xx_tim.o(.text)
    TIM_SetCompare4                          0x08001a53   Thumb Code     4  stm32f4xx_tim.o(.text)
    TIM_ForcedOC1Config                      0x08001a57   Thumb Code    18  stm32f4xx_tim.o(.text)
    TIM_ForcedOC2Config                      0x08001a69   Thumb Code    26  stm32f4xx_tim.o(.text)
    TIM_ForcedOC3Config                      0x08001a83   Thumb Code    18  stm32f4xx_tim.o(.text)
    TIM_ForcedOC4Config                      0x08001a95   Thumb Code    26  stm32f4xx_tim.o(.text)
    TIM_OC1PreloadConfig                     0x08001aaf   Thumb Code    18  stm32f4xx_tim.o(.text)
    TIM_OC2PreloadConfig                     0x08001ac1   Thumb Code    26  stm32f4xx_tim.o(.text)
    TIM_OC3PreloadConfig                     0x08001adb   Thumb Code    18  stm32f4xx_tim.o(.text)
    TIM_OC4PreloadConfig                     0x08001aed   Thumb Code    26  stm32f4xx_tim.o(.text)
    TIM_OC1FastConfig                        0x08001b07   Thumb Code    18  stm32f4xx_tim.o(.text)
    TIM_OC2FastConfig                        0x08001b19   Thumb Code    26  stm32f4xx_tim.o(.text)
    TIM_OC3FastConfig                        0x08001b33   Thumb Code    18  stm32f4xx_tim.o(.text)
    TIM_OC4FastConfig                        0x08001b45   Thumb Code    26  stm32f4xx_tim.o(.text)
    TIM_ClearOC1Ref                          0x08001b5f   Thumb Code    18  stm32f4xx_tim.o(.text)
    TIM_ClearOC2Ref                          0x08001b71   Thumb Code    24  stm32f4xx_tim.o(.text)
    TIM_ClearOC3Ref                          0x08001b89   Thumb Code    18  stm32f4xx_tim.o(.text)
    TIM_ClearOC4Ref                          0x08001b9b   Thumb Code    24  stm32f4xx_tim.o(.text)
    TIM_OC1PolarityConfig                    0x08001bb3   Thumb Code    18  stm32f4xx_tim.o(.text)
    TIM_OC1NPolarityConfig                   0x08001bc5   Thumb Code    18  stm32f4xx_tim.o(.text)
    TIM_OC2PolarityConfig                    0x08001bd7   Thumb Code    26  stm32f4xx_tim.o(.text)
    TIM_OC2NPolarityConfig                   0x08001bf1   Thumb Code    26  stm32f4xx_tim.o(.text)
    TIM_OC3PolarityConfig                    0x08001c0b   Thumb Code    26  stm32f4xx_tim.o(.text)
    TIM_OC3NPolarityConfig                   0x08001c25   Thumb Code    26  stm32f4xx_tim.o(.text)
    TIM_OC4PolarityConfig                    0x08001c3f   Thumb Code    26  stm32f4xx_tim.o(.text)
    TIM_CCxCmd                               0x08001c59   Thumb Code    30  stm32f4xx_tim.o(.text)
    TIM_CCxNCmd                              0x08001c77   Thumb Code    30  stm32f4xx_tim.o(.text)
    TIM_SetIC4Prescaler                      0x08001c95   Thumb Code    26  stm32f4xx_tim.o(.text)
    TIM_SetIC3Prescaler                      0x08001cff   Thumb Code    18  stm32f4xx_tim.o(.text)
    TIM_SetIC2Prescaler                      0x08001d59   Thumb Code    26  stm32f4xx_tim.o(.text)
    TIM_SetIC1Prescaler                      0x08001dcd   Thumb Code    18  stm32f4xx_tim.o(.text)
    TIM_ICInit                               0x08001e19   Thumb Code   110  stm32f4xx_tim.o(.text)
    TIM_ICStructInit                         0x08001e87   Thumb Code    18  stm32f4xx_tim.o(.text)
    TIM_PWMIConfig                           0x08001e99   Thumb Code   124  stm32f4xx_tim.o(.text)
    TIM_GetCapture1                          0x08001f15   Thumb Code     6  stm32f4xx_tim.o(.text)
    TIM_GetCapture2                          0x08001f1b   Thumb Code     6  stm32f4xx_tim.o(.text)
    TIM_GetCapture3                          0x08001f21   Thumb Code     6  stm32f4xx_tim.o(.text)
    TIM_GetCapture4                          0x08001f27   Thumb Code     6  stm32f4xx_tim.o(.text)
    TIM_BDTRConfig                           0x08001f2d   Thumb Code    32  stm32f4xx_tim.o(.text)
    TIM_BDTRStructInit                       0x08001f4d   Thumb Code    18  stm32f4xx_tim.o(.text)
    TIM_CtrlPWMOutputs                       0x08001f5f   Thumb Code    30  stm32f4xx_tim.o(.text)
    TIM_SelectCOM                            0x08001f7d   Thumb Code    24  stm32f4xx_tim.o(.text)
    TIM_CCPreloadControl                     0x08001f95   Thumb Code    24  stm32f4xx_tim.o(.text)
    TIM_ITConfig                             0x08001fad   Thumb Code    18  stm32f4xx_tim.o(.text)
    TIM_GenerateEvent                        0x08001fbf   Thumb Code     4  stm32f4xx_tim.o(.text)
    TIM_GetFlagStatus                        0x08001fc3   Thumb Code    18  stm32f4xx_tim.o(.text)
    TIM_ClearFlag                            0x08001fd5   Thumb Code     6  stm32f4xx_tim.o(.text)
    TIM_GetITStatus                          0x08001fdb   Thumb Code    34  stm32f4xx_tim.o(.text)
    TIM_ClearITPendingBit                    0x08001ffd   Thumb Code     6  stm32f4xx_tim.o(.text)
    TIM_DMAConfig                            0x08002003   Thumb Code    10  stm32f4xx_tim.o(.text)
    TIM_DMACmd                               0x0800200d   Thumb Code    18  stm32f4xx_tim.o(.text)
    TIM_SelectCCDMA                          0x0800201f   Thumb Code    24  stm32f4xx_tim.o(.text)
    TIM_InternalClockConfig                  0x08002037   Thumb Code    12  stm32f4xx_tim.o(.text)
    TIM_SelectInputTrigger                   0x08002043   Thumb Code    18  stm32f4xx_tim.o(.text)
    TIM_ITRxExternalClockConfig              0x08002055   Thumb Code    24  stm32f4xx_tim.o(.text)
    TIM_TIxExternalClockConfig               0x0800206d   Thumb Code    62  stm32f4xx_tim.o(.text)
    TIM_ETRConfig                            0x080020ab   Thumb Code    28  stm32f4xx_tim.o(.text)
    TIM_ETRClockMode1Config                  0x080020c7   Thumb Code    54  stm32f4xx_tim.o(.text)
    TIM_ETRClockMode2Config                  0x080020fd   Thumb Code    32  stm32f4xx_tim.o(.text)
    TIM_SelectOutputTrigger                  0x0800211d   Thumb Code    18  stm32f4xx_tim.o(.text)
    TIM_SelectSlaveMode                      0x0800212f   Thumb Code    18  stm32f4xx_tim.o(.text)
    TIM_SelectMasterSlaveMode                0x08002141   Thumb Code    18  stm32f4xx_tim.o(.text)
    TIM_EncoderInterfaceConfig               0x08002153   Thumb Code    66  stm32f4xx_tim.o(.text)
    TIM_SelectHallSensor                     0x08002195   Thumb Code    24  stm32f4xx_tim.o(.text)
    TIM_RemapConfig                          0x080021ad   Thumb Code     6  stm32f4xx_tim.o(.text)
    systick                                  0x080021b5   Thumb Code     2  main.o(.text)
    button1_interrupt                        0x080021b7   Thumb Code    14  main.o(.text)
    button2_interrupt                        0x080021c5   Thumb Code     8  main.o(.text)
    distanciaMedida                          0x080021cd   Thumb Code    12  main.o(.text)
    contado                                  0x080021d9   Thumb Code    78  main.o(.text)
    perroGuardian                            0x08002227   Thumb Code   280  main.o(.text)
    temporizado                              0x0800233f   Thumb Code   948  main.o(.text)
    evaluar                                  0x080026f3   Thumb Code    40  main.o(.text)
    mostrarPantalla                          0x0800271b   Thumb Code   134  main.o(.text)
    evaluarMenu                              0x080027a1   Thumb Code   112  main.o(.text)
    main                                     0x08002811   Thumb Code    74  main.o(.text)
    NMI_Handler                              0x080028c9   Thumb Code     2  stm32f4xx_it.o(.text)
    HardFault_Handler                        0x080028cb   Thumb Code     4  stm32f4xx_it.o(.text)
    MemManage_Handler                        0x080028cf   Thumb Code     4  stm32f4xx_it.o(.text)
    BusFault_Handler                         0x080028d3   Thumb Code     4  stm32f4xx_it.o(.text)
    UsageFault_Handler                       0x080028d7   Thumb Code     4  stm32f4xx_it.o(.text)
    SVC_Handler                              0x080028db   Thumb Code     2  stm32f4xx_it.o(.text)
    DebugMon_Handler                         0x080028dd   Thumb Code     2  stm32f4xx_it.o(.text)
    PendSV_Handler                           0x080028df   Thumb Code     2  stm32f4xx_it.o(.text)
    SysTick_Handler                          0x080028e1   Thumb Code    42  stm32f4xx_it.o(.text)
    EXTI9_5_IRQHandler                       0x0800290b   Thumb Code    28  stm32f4xx_it.o(.text)
    EXTI15_10_IRQHandler                     0x08002927   Thumb Code    32  stm32f4xx_it.o(.text)
    Systick_Configuration                    0x08002975   Thumb Code    96  delay.o(.text)
    micros                                   0x080029d5   Thumb Code    44  delay.o(.text)
    millis                                   0x08002a01   Thumb Code     6  delay.o(.text)
    delay_ms                                 0x08002a07   Thumb Code    18  delay.o(.text)
    delay_us                                 0x08002a19   Thumb Code    24  delay.o(.text)
    elapseMicros                             0x08002a31   Thumb Code    20  delay.o(.text)
    elapseMillis                             0x08002a45   Thumb Code    18  delay.o(.text)
    LED_Configuration                        0x08002a6d   Thumb Code   174  led.o(.text)
    button_Configuration                     0x08002b2d   Thumb Code   204  button.o(.text)
    displayMatrix                            0x08002c01   Thumb Code   118  matrixdisplay.o(.text)
    displayErr                               0x08002c77   Thumb Code    24  matrixdisplay.o(.text)
    displayFloat                             0x08002c8f   Thumb Code    52  matrixdisplay.o(.text)
    displayInt                               0x08002cc3   Thumb Code    24  matrixdisplay.o(.text)
    displayMatrixScroll                      0x08002cdb   Thumb Code    58  matrixdisplay.o(.text)
    clearScreen                              0x08002d15   Thumb Code    90  matrixdisplay.o(.text)
    WriteControlRegister                     0x08002d99   Thumb Code    92  spi.o(.text)
    SPI_Configuration                        0x08002df5   Thumb Code   252  spi.o(.text)
    buzzer_Configuration                     0x08002efd   Thumb Code   142  buzzer.o(.text)
    beep                                     0x08002f8b   Thumb Code    68  buzzer.o(.text)
    shortBeep                                0x08002fcf   Thumb Code    42  buzzer.o(.text)
    ADC_Config                               0x08003009   Thumb Code   186  adc.o(.text)
    readADC                                  0x080030c3   Thumb Code    48  adc.o(.text)
    readVolMeter                             0x08003105   Thumb Code    40  sensor_function.o(.text)
    readSensor                               0x0800312d   Thumb Code   386  sensor_function.o(.text)
    readGyro                                 0x080032af   Thumb Code   116  sensor_function.o(.text)
    lowBatCheck                              0x08003323   Thumb Code   266  sensor_function.o(.text)
    Reset_Handler                            0x08003471   Thumb Code     8  startup_stm32f4xx.o(.text)
    ADC_IRQHandler                           0x0800348b   Thumb Code     0  startup_stm32f4xx.o(.text)
    CAN1_RX0_IRQHandler                      0x0800348b   Thumb Code     0  startup_stm32f4xx.o(.text)
    CAN1_RX1_IRQHandler                      0x0800348b   Thumb Code     0  startup_stm32f4xx.o(.text)
    CAN1_SCE_IRQHandler                      0x0800348b   Thumb Code     0  startup_stm32f4xx.o(.text)
    CAN1_TX_IRQHandler                       0x0800348b   Thumb Code     0  startup_stm32f4xx.o(.text)
    CAN2_RX0_IRQHandler                      0x0800348b   Thumb Code     0  startup_stm32f4xx.o(.text)
    CAN2_RX1_IRQHandler                      0x0800348b   Thumb Code     0  startup_stm32f4xx.o(.text)
    CAN2_SCE_IRQHandler                      0x0800348b   Thumb Code     0  startup_stm32f4xx.o(.text)
    CAN2_TX_IRQHandler                       0x0800348b   Thumb Code     0  startup_stm32f4xx.o(.text)
    CRYP_IRQHandler                          0x0800348b   Thumb Code     0  startup_stm32f4xx.o(.text)
    DCMI_IRQHandler                          0x0800348b   Thumb Code     0  startup_stm32f4xx.o(.text)
    DMA1_Stream0_IRQHandler                  0x0800348b   Thumb Code     0  startup_stm32f4xx.o(.text)
    DMA1_Stream1_IRQHandler                  0x0800348b   Thumb Code     0  startup_stm32f4xx.o(.text)
    DMA1_Stream2_IRQHandler                  0x0800348b   Thumb Code     0  startup_stm32f4xx.o(.text)
    DMA1_Stream3_IRQHandler                  0x0800348b   Thumb Code     0  startup_stm32f4xx.o(.text)
    DMA1_Stream4_IRQHandler                  0x0800348b   Thumb Code     0  startup_stm32f4xx.o(.text)
    DMA1_Stream5_IRQHandler                  0x0800348b   Thumb Code     0  startup_stm32f4xx.o(.text)
    DMA1_Stream6_IRQHandler                  0x0800348b   Thumb Code     0  startup_stm32f4xx.o(.text)
    DMA1_Stream7_IRQHandler                  0x0800348b   Thumb Code     0  startup_stm32f4xx.o(.text)
    DMA2_Stream0_IRQHandler                  0x0800348b   Thumb Code     0  startup_stm32f4xx.o(.text)
    DMA2_Stream1_IRQHandler                  0x0800348b   Thumb Code     0  startup_stm32f4xx.o(.text)
    DMA2_Stream2_IRQHandler                  0x0800348b   Thumb Code     0  startup_stm32f4xx.o(.text)
    DMA2_Stream3_IRQHandler                  0x0800348b   Thumb Code     0  startup_stm32f4xx.o(.text)
    DMA2_Stream4_IRQHandler                  0x0800348b   Thumb Code     0  startup_stm32f4xx.o(.text)
    DMA2_Stream5_IRQHandler                  0x0800348b   Thumb Code     0  startup_stm32f4xx.o(.text)
    DMA2_Stream6_IRQHandler                  0x0800348b   Thumb Code     0  startup_stm32f4xx.o(.text)
    DMA2_Stream7_IRQHandler                  0x0800348b   Thumb Code     0  startup_stm32f4xx.o(.text)
    ETH_IRQHandler                           0x0800348b   Thumb Code     0  startup_stm32f4xx.o(.text)
    ETH_WKUP_IRQHandler                      0x0800348b   Thumb Code     0  startup_stm32f4xx.o(.text)
    EXTI0_IRQHandler                         0x0800348b   Thumb Code     0  startup_stm32f4xx.o(.text)
    EXTI1_IRQHandler                         0x0800348b   Thumb Code     0  startup_stm32f4xx.o(.text)
    EXTI2_IRQHandler                         0x0800348b   Thumb Code     0  startup_stm32f4xx.o(.text)
    EXTI3_IRQHandler                         0x0800348b   Thumb Code     0  startup_stm32f4xx.o(.text)
    EXTI4_IRQHandler                         0x0800348b   Thumb Code     0  startup_stm32f4xx.o(.text)
    FLASH_IRQHandler                         0x0800348b   Thumb Code     0  startup_stm32f4xx.o(.text)
    FPU_IRQHandler                           0x0800348b   Thumb Code     0  startup_stm32f4xx.o(.text)
    FSMC_IRQHandler                          0x0800348b   Thumb Code     0  startup_stm32f4xx.o(.text)
    HASH_RNG_IRQHandler                      0x0800348b   Thumb Code     0  startup_stm32f4xx.o(.text)
    I2C1_ER_IRQHandler                       0x0800348b   Thumb Code     0  startup_stm32f4xx.o(.text)
    I2C1_EV_IRQHandler                       0x0800348b   Thumb Code     0  startup_stm32f4xx.o(.text)
    I2C2_ER_IRQHandler                       0x0800348b   Thumb Code     0  startup_stm32f4xx.o(.text)
    I2C2_EV_IRQHandler                       0x0800348b   Thumb Code     0  startup_stm32f4xx.o(.text)
    I2C3_ER_IRQHandler                       0x0800348b   Thumb Code     0  startup_stm32f4xx.o(.text)
    I2C3_EV_IRQHandler                       0x0800348b   Thumb Code     0  startup_stm32f4xx.o(.text)
    OTG_FS_IRQHandler                        0x0800348b   Thumb Code     0  startup_stm32f4xx.o(.text)
    OTG_FS_WKUP_IRQHandler                   0x0800348b   Thumb Code     0  startup_stm32f4xx.o(.text)
    OTG_HS_EP1_IN_IRQHandler                 0x0800348b   Thumb Code     0  startup_stm32f4xx.o(.text)
    OTG_HS_EP1_OUT_IRQHandler                0x0800348b   Thumb Code     0  startup_stm32f4xx.o(.text)
    OTG_HS_IRQHandler                        0x0800348b   Thumb Code     0  startup_stm32f4xx.o(.text)
    OTG_HS_WKUP_IRQHandler                   0x0800348b   Thumb Code     0  startup_stm32f4xx.o(.text)
    PVD_IRQHandler                           0x0800348b   Thumb Code     0  startup_stm32f4xx.o(.text)
    RCC_IRQHandler                           0x0800348b   Thumb Code     0  startup_stm32f4xx.o(.text)
    RTC_Alarm_IRQHandler                     0x0800348b   Thumb Code     0  startup_stm32f4xx.o(.text)
    RTC_WKUP_IRQHandler                      0x0800348b   Thumb Code     0  startup_stm32f4xx.o(.text)
    SDIO_IRQHandler                          0x0800348b   Thumb Code     0  startup_stm32f4xx.o(.text)
    SPI1_IRQHandler                          0x0800348b   Thumb Code     0  startup_stm32f4xx.o(.text)
    SPI2_IRQHandler                          0x0800348b   Thumb Code     0  startup_stm32f4xx.o(.text)
    SPI3_IRQHandler                          0x0800348b   Thumb Code     0  startup_stm32f4xx.o(.text)
    TAMP_STAMP_IRQHandler                    0x0800348b   Thumb Code     0  startup_stm32f4xx.o(.text)
    TIM1_BRK_TIM9_IRQHandler                 0x0800348b   Thumb Code     0  startup_stm32f4xx.o(.text)
    TIM1_CC_IRQHandler                       0x0800348b   Thumb Code     0  startup_stm32f4xx.o(.text)
    TIM1_TRG_COM_TIM11_IRQHandler            0x0800348b   Thumb Code     0  startup_stm32f4xx.o(.text)
    TIM1_UP_TIM10_IRQHandler                 0x0800348b   Thumb Code     0  startup_stm32f4xx.o(.text)
    TIM2_IRQHandler                          0x0800348b   Thumb Code     0  startup_stm32f4xx.o(.text)
    TIM3_IRQHandler                          0x0800348b   Thumb Code     0  startup_stm32f4xx.o(.text)
    TIM4_IRQHandler                          0x0800348b   Thumb Code     0  startup_stm32f4xx.o(.text)
    TIM5_IRQHandler                          0x0800348b   Thumb Code     0  startup_stm32f4xx.o(.text)
    TIM6_DAC_IRQHandler                      0x0800348b   Thumb Code     0  startup_stm32f4xx.o(.text)
    TIM7_IRQHandler                          0x0800348b   Thumb Code     0  startup_stm32f4xx.o(.text)
    TIM8_BRK_TIM12_IRQHandler                0x0800348b   Thumb Code     0  startup_stm32f4xx.o(.text)
    TIM8_CC_IRQHandler                       0x0800348b   Thumb Code     0  startup_stm32f4xx.o(.text)
    TIM8_TRG_COM_TIM14_IRQHandler            0x0800348b   Thumb Code     0  startup_stm32f4xx.o(.text)
    TIM8_UP_TIM13_IRQHandler                 0x0800348b   Thumb Code     0  startup_stm32f4xx.o(.text)
    UART4_IRQHandler                         0x0800348b   Thumb Code     0  startup_stm32f4xx.o(.text)
    UART5_IRQHandler                         0x0800348b   Thumb Code     0  startup_stm32f4xx.o(.text)
    USART1_IRQHandler                        0x0800348b   Thumb Code     0  startup_stm32f4xx.o(.text)
    USART2_IRQHandler                        0x0800348b   Thumb Code     0  startup_stm32f4xx.o(.text)
    USART3_IRQHandler                        0x0800348b   Thumb Code     0  startup_stm32f4xx.o(.text)
    USART6_IRQHandler                        0x0800348b   Thumb Code     0  startup_stm32f4xx.o(.text)
    WWDG_IRQHandler                          0x0800348b   Thumb Code     0  startup_stm32f4xx.o(.text)
    __user_initial_stackheap                 0x0800348d   Thumb Code     0  startup_stm32f4xx.o(.text)
    SystemInit                               0x08003633   Thumb Code    88  system_stm32f4xx.o(.text)
    SystemCoreClockUpdate                    0x0800368b   Thumb Code   174  system_stm32f4xx.o(.text)
    __2sprintf                               0x08003765   Thumb Code    34  noretval__2sprintf.o(.text)
    __2snprintf                              0x0800378d   Thumb Code    48  noretval__2snprintf.o(.text)
    _printf_pre_padding                      0x080037c1   Thumb Code    44  _printf_pad.o(.text)
    _printf_post_padding                     0x080037ed   Thumb Code    34  _printf_pad.o(.text)
    _printf_int_dec                          0x08003811   Thumb Code   104  _printf_dec.o(.text)
    __printf                                 0x08003889   Thumb Code   308  __printf_flags_wp.o(.text)
    __use_two_region_memory                  0x080039c1   Thumb Code     2  heapauxi.o(.text)
    __rt_heap_escrow$2region                 0x080039c3   Thumb Code     2  heapauxi.o(.text)
    __rt_heap_expand$2region                 0x080039c5   Thumb Code     2  heapauxi.o(.text)
    _printf_int_common                       0x080039c7   Thumb Code   178  _printf_intcommon.o(.text)
    __lib_sel_fp_printf                      0x08003a79   Thumb Code     2  _printf_fp_dec.o(.text)
    _printf_fp_dec_real                      0x08003c2b   Thumb Code   620  _printf_fp_dec.o(.text)
    _printf_char_common                      0x08003ea3   Thumb Code    32  _printf_char_common.o(.text)
    _sputc                                   0x08003ec9   Thumb Code    10  _sputc.o(.text)
    _snputc                                  0x08003ed3   Thumb Code    16  _snputc.o(.text)
    __rt_locale                              0x08003ee5   Thumb Code     8  rt_locale_intlibspace.o(.text)
    _ll_udiv10                               0x08003eed   Thumb Code   138  lludiv10.o(.text)
    _printf_fp_infnan                        0x08003f79   Thumb Code   112  _printf_fp_infnan.o(.text)
    _btod_etento                             0x08003ff9   Thumb Code   224  bigflt0.o(.text)
    __user_libspace                          0x080040dd   Thumb Code     8  libspace.o(.text)
    __user_perproc_libspace                  0x080040dd   Thumb Code     0  libspace.o(.text)
    __user_perthread_libspace                0x080040dd   Thumb Code     0  libspace.o(.text)
    __user_setup_stackheap                   0x080040e5   Thumb Code    74  sys_stackheap_outer.o(.text)
    exit                                     0x0800412f   Thumb Code    18  exit.o(.text)
    strcmp                                   0x08004141   Thumb Code   128  strcmpv7m.o(.text)
    _sys_exit                                0x080041c1   Thumb Code     8  sys_exit.o(.text)
    __I$use$semihosting                      0x080041cd   Thumb Code     0  use_no_semi.o(.text)
    __use_no_semihosting_swi                 0x080041cd   Thumb Code     2  use_no_semi.o(.text)
    __semihosting_library_function           0x080041cf   Thumb Code     0  indicate_semi.o(.text)
    _btod_d2e                                0x080041cf   Thumb Code    62  btod.o(CL$$btod_d2e)
    _d2e_denorm_low                          0x0800420d   Thumb Code    70  btod.o(CL$$btod_d2e_denorm_low)
    _d2e_norm_op1                            0x08004253   Thumb Code    96  btod.o(CL$$btod_d2e_norm_op1)
    __btod_div_common                        0x080042b3   Thumb Code   696  btod.o(CL$$btod_div_common)
    _e2e                                     0x080045eb   Thumb Code   220  btod.o(CL$$btod_e2e)
    _btod_ediv                               0x080046c7   Thumb Code    42  btod.o(CL$$btod_ediv)
    _btod_emul                               0x080046f1   Thumb Code    42  btod.o(CL$$btod_emul)
    __btod_mult_common                       0x0800471b   Thumb Code   580  btod.o(CL$$btod_mult_common)
    __ARM_fpclassify                         0x0800495f   Thumb Code    48  fpclassify.o(i.__ARM_fpclassify)
    _is_digit                                0x0800498f   Thumb Code    14  __printf_wp.o(i._is_digit)
    _get_lc_numeric                          0x0800499d   Thumb Code    44  lc_numeric_c.o(locale$$code)
    __fpl_dretinf                            0x080049c9   Thumb Code    12  dretinf.o(x$fpl$dretinf)
    __aeabi_f2d                              0x080049d5   Thumb Code     0  f2d.o(x$fpl$f2d)
    _f2d                                     0x080049d5   Thumb Code    86  f2d.o(x$fpl$f2d)
    __fpl_fnaninf                            0x08004a2b   Thumb Code   140  fnaninf.o(x$fpl$fnaninf)
    _fp_init                                 0x08004ab7   Thumb Code    10  fpinit.o(x$fpl$fpinit)
    __fplib_config_fpu_vfp                   0x08004abf   Thumb Code     0  fpinit.o(x$fpl$fpinit)
    __fplib_config_pureend_doubles           0x08004abf   Thumb Code     0  fpinit.o(x$fpl$fpinit)
    _printf_fp_dec                           0x08004ac1   Thumb Code     4  printf1.o(x$fpl$printf1)
    __I$use$fp                               0x08004ac4   Number         0  usenofp.o(x$fpl$usenofp)
    fontTable                                0x08004ac4   Data         810  matrixdisplay.o(.constdata)
    Region$$Table$$Base                      0x08004e94   Number         0  anon$$obj.o(Region$$Table)
    Region$$Table$$Limit                     0x08004eb4   Number         0  anon$$obj.o(Region$$Table)
    modo                                     0x20000010   Data           1  main.o(.data)
    alarma                                   0x20000011   Data           1  main.o(.data)
    contand                                  0x20000012   Data           1  main.o(.data)
    detec                                    0x20000013   Data           1  main.o(.data)
    crono                                    0x20000014   Data           1  main.o(.data)
    menu                                     0x20000015   Data           1  main.o(.data)
    opcion                                   0x20000016   Data           1  main.o(.data)
    contador                                 0x20000018   Data           2  main.o(.data)
    distancia                                0x2000001c   Data           4  main.o(.data)
    temporizador                             0x20000020   Data           2  main.o(.data)
    str                                      0x20000022   Data           4  main.o(.data)
    tiempoInicio                             0x20000028   Data           4  main.o(.data)
    eleccion                                 0x2000002c   Data           1  main.o(.data)
    Micros                                   0x20000030   Data           4  delay.o(.data)
    Millis                                   0x20000034   Data           4  delay.o(.data)
    buzzerTime                               0x20000038   Data           4  buzzer.o(.data)
    reflectionRate                           0x2000003c   Data           4  sensor_function.o(.data)
    volMeter                                 0x20000040   Data           4  sensor_function.o(.data)
    voltage                                  0x20000044   Data           4  sensor_function.o(.data)
    LFSensor                                 0x20000048   Data           4  sensor_function.o(.data)
    RFSensor                                 0x2000004c   Data           4  sensor_function.o(.data)
    DLSensor                                 0x20000050   Data           4  sensor_function.o(.data)
    DRSensor                                 0x20000054   Data           4  sensor_function.o(.data)
    Outz                                     0x20000058   Data           4  sensor_function.o(.data)
    aSpeed                                   0x2000005c   Data           4  sensor_function.o(.data)
    angle                                    0x20000060   Data           4  sensor_function.o(.data)
    SystemCoreClock                          0x20000064   Data           4  system_stm32f4xx.o(.data)
    AHBPrescTable                            0x20000068   Data          16  system_stm32f4xx.o(.data)
    __libspace_start                         0x20000078   Data          96  libspace.o(.bss)
    __temporary_stack_top$libspace           0x200000d8   Data           0  libspace.o(.bss)



==============================================================================

Memory Map of the image

  Image Entry point : 0x08000189

  Load Region LR_IROM1 (Base: 0x08000000, Size: 0x00004f48, Max: 0x00100000, ABSOLUTE)

    Execution Region ER_IROM1 (Exec base: 0x08000000, Load base: 0x08000000, Size: 0x00004ed0, Max: 0x00100000, ABSOLUTE)

    Exec Addr    Load Addr    Size         Type   Attr      Idx    E Section Name        Object

    0x08000000   0x08000000   0x00000188   Data   RO          712    RESET               startup_stm32f4xx.o
    0x08000188   0x08000188   0x00000008   Code   RO          785  * !!!main             c_w.l(__main.o)
    0x08000190   0x08000190   0x00000034   Code   RO         1007    !!!scatter          c_w.l(__scatter.o)
    0x080001c4   0x080001c4   0x0000001a   Code   RO         1009    !!handler_copy      c_w.l(__scatter_copy.o)
    0x080001de   0x080001de   0x00000002   PAD
    0x080001e0   0x080001e0   0x0000001c   Code   RO         1011    !!handler_zi        c_w.l(__scatter_zi.o)
    0x080001fc   0x080001fc   0x00000000   Code   RO          782    .ARM.Collect$$_printf_percent$$00000000  c_w.l(_printf_percent.o)
    0x080001fc   0x080001fc   0x00000006   Code   RO          781    .ARM.Collect$$_printf_percent$$00000003  c_w.l(_printf_f.o)
    0x08000202   0x08000202   0x00000006   Code   RO          780    .ARM.Collect$$_printf_percent$$00000009  c_w.l(_printf_d.o)
    0x08000208   0x08000208   0x00000004   Code   RO          802    .ARM.Collect$$_printf_percent$$00000017  c_w.l(_printf_percent_end.o)
    0x0800020c   0x0800020c   0x00000002   Code   RO          880    .ARM.Collect$$libinit$$00000000  c_w.l(libinit.o)
    0x0800020e   0x0800020e   0x00000004   Code   RO          881    .ARM.Collect$$libinit$$00000001  c_w.l(libinit2.o)
    0x08000212   0x08000212   0x00000000   Code   RO          884    .ARM.Collect$$libinit$$00000004  c_w.l(libinit2.o)
    0x08000212   0x08000212   0x00000000   Code   RO          887    .ARM.Collect$$libinit$$0000000A  c_w.l(libinit2.o)
    0x08000212   0x08000212   0x00000000   Code   RO          889    .ARM.Collect$$libinit$$0000000C  c_w.l(libinit2.o)
    0x08000212   0x08000212   0x00000000   Code   RO          891    .ARM.Collect$$libinit$$0000000E  c_w.l(libinit2.o)
    0x08000212   0x08000212   0x00000006   Code   RO          892    .ARM.Collect$$libinit$$0000000F  c_w.l(libinit2.o)
    0x08000218   0x08000218   0x00000000   Code   RO          894    .ARM.Collect$$libinit$$00000011  c_w.l(libinit2.o)
    0x08000218   0x08000218   0x00000000   Code   RO          896    .ARM.Collect$$libinit$$00000013  c_w.l(libinit2.o)
    0x08000218   0x08000218   0x00000000   Code   RO          898    .ARM.Collect$$libinit$$00000015  c_w.l(libinit2.o)
    0x08000218   0x08000218   0x0000000a   Code   RO          899    .ARM.Collect$$libinit$$00000016  c_w.l(libinit2.o)
    0x08000222   0x08000222   0x00000000   Code   RO          900    .ARM.Collect$$libinit$$00000017  c_w.l(libinit2.o)
    0x08000222   0x08000222   0x00000000   Code   RO          902    .ARM.Collect$$libinit$$00000019  c_w.l(libinit2.o)
    0x08000222   0x08000222   0x00000000   Code   RO          904    .ARM.Collect$$libinit$$0000001B  c_w.l(libinit2.o)
    0x08000222   0x08000222   0x00000000   Code   RO          906    .ARM.Collect$$libinit$$0000001D  c_w.l(libinit2.o)
    0x08000222   0x08000222   0x00000000   Code   RO          908    .ARM.Collect$$libinit$$0000001F  c_w.l(libinit2.o)
    0x08000222   0x08000222   0x00000000   Code   RO          910    .ARM.Collect$$libinit$$00000021  c_w.l(libinit2.o)
    0x08000222   0x08000222   0x00000000   Code   RO          912    .ARM.Collect$$libinit$$00000023  c_w.l(libinit2.o)
    0x08000222   0x08000222   0x00000000   Code   RO          914    .ARM.Collect$$libinit$$00000025  c_w.l(libinit2.o)
    0x08000222   0x08000222   0x00000000   Code   RO          918    .ARM.Collect$$libinit$$0000002C  c_w.l(libinit2.o)
    0x08000222   0x08000222   0x00000000   Code   RO          920    .ARM.Collect$$libinit$$0000002E  c_w.l(libinit2.o)
    0x08000222   0x08000222   0x00000000   Code   RO          922    .ARM.Collect$$libinit$$00000030  c_w.l(libinit2.o)
    0x08000222   0x08000222   0x00000000   Code   RO          924    .ARM.Collect$$libinit$$00000032  c_w.l(libinit2.o)
    0x08000222   0x08000222   0x00000002   Code   RO          925    .ARM.Collect$$libinit$$00000033  c_w.l(libinit2.o)
    0x08000224   0x08000224   0x00000002   Code   RO          955    .ARM.Collect$$libshutdown$$00000000  c_w.l(libshutdown.o)
    0x08000226   0x08000226   0x00000000   Code   RO          966    .ARM.Collect$$libshutdown$$00000002  c_w.l(libshutdown2.o)
    0x08000226   0x08000226   0x00000000   Code   RO          968    .ARM.Collect$$libshutdown$$00000004  c_w.l(libshutdown2.o)
    0x08000226   0x08000226   0x00000000   Code   RO          971    .ARM.Collect$$libshutdown$$00000007  c_w.l(libshutdown2.o)
    0x08000226   0x08000226   0x00000000   Code   RO          974    .ARM.Collect$$libshutdown$$0000000A  c_w.l(libshutdown2.o)
    0x08000226   0x08000226   0x00000000   Code   RO          976    .ARM.Collect$$libshutdown$$0000000C  c_w.l(libshutdown2.o)
    0x08000226   0x08000226   0x00000000   Code   RO          979    .ARM.Collect$$libshutdown$$0000000F  c_w.l(libshutdown2.o)
    0x08000226   0x08000226   0x00000002   Code   RO          980    .ARM.Collect$$libshutdown$$00000010  c_w.l(libshutdown2.o)
    0x08000228   0x08000228   0x00000000   Code   RO          791    .ARM.Collect$$rtentry$$00000000  c_w.l(__rtentry.o)
    0x08000228   0x08000228   0x00000000   Code   RO          809    .ARM.Collect$$rtentry$$00000002  c_w.l(__rtentry2.o)
    0x08000228   0x08000228   0x00000006   Code   RO          821    .ARM.Collect$$rtentry$$00000004  c_w.l(__rtentry4.o)
    0x0800022e   0x0800022e   0x00000000   Code   RO          811    .ARM.Collect$$rtentry$$00000009  c_w.l(__rtentry2.o)
    0x0800022e   0x0800022e   0x00000004   Code   RO          812    .ARM.Collect$$rtentry$$0000000A  c_w.l(__rtentry2.o)
    0x08000232   0x08000232   0x00000000   Code   RO          814    .ARM.Collect$$rtentry$$0000000C  c_w.l(__rtentry2.o)
    0x08000232   0x08000232   0x00000008   Code   RO          815    .ARM.Collect$$rtentry$$0000000D  c_w.l(__rtentry2.o)
    0x0800023a   0x0800023a   0x00000002   Code   RO          926    .ARM.Collect$$rtexit$$00000000  c_w.l(rtexit.o)
    0x0800023c   0x0800023c   0x00000000   Code   RO          933    .ARM.Collect$$rtexit$$00000002  c_w.l(rtexit2.o)
    0x0800023c   0x0800023c   0x00000004   Code   RO          934    .ARM.Collect$$rtexit$$00000003  c_w.l(rtexit2.o)
    0x08000240   0x08000240   0x00000006   Code   RO          935    .ARM.Collect$$rtexit$$00000004  c_w.l(rtexit2.o)
    0x08000246   0x08000246   0x00000002   PAD
    0x08000248   0x08000248   0x000000e0   Code   RO            3    .text               misc.o
    0x08000328   0x08000328   0x00000464   Code   RO          130    .text               stm32f4xx_adc.o
    0x0800078c   0x0800078c   0x0000011c   Code   RO          170    .text               stm32f4xx_exti.o
    0x080008a8   0x080008a8   0x0000025c   Code   RO          210    .text               stm32f4xx_gpio.o
    0x08000b04   0x08000b04   0x00000588   Code   RO          230    .text               stm32f4xx_rcc.o
    0x0800108c   0x0800108c   0x000003f8   Code   RO          252    .text               stm32f4xx_spi.o
    0x08001484   0x08001484   0x0000008c   Code   RO          272    .text               stm32f4xx_syscfg.o
    0x08001510   0x08001510   0x00000ca2   Code   RO          292    .text               stm32f4xx_tim.o
    0x080021b2   0x080021b2   0x00000002   PAD
    0x080021b4   0x080021b4   0x00000714   Code   RO          332    .text               main.o
    0x080028c8   0x080028c8   0x0000008c   Code   RO          488    .text               stm32f4xx_it.o
    0x08002954   0x08002954   0x00000118   Code   RO          511    .text               delay.o
    0x08002a6c   0x08002a6c   0x000000c0   Code   RO          541    .text               led.o
    0x08002b2c   0x08002b2c   0x000000d4   Code   RO          564    .text               button.o
    0x08002c00   0x08002c00   0x00000198   Code   RO          584    .text               matrixdisplay.o
    0x08002d98   0x08002d98   0x00000164   Code   RO          610    .text               spi.o
    0x08002efc   0x08002efc   0x0000010c   Code   RO          632    .text               buzzer.o
    0x08003008   0x08003008   0x000000fc   Code   RO          658    .text               adc.o
    0x08003104   0x08003104   0x0000036c   Code   RO          685    .text               sensor_function.o
    0x08003470   0x08003470   0x00000040   Code   RO          713    .text               startup_stm32f4xx.o
    0x080034b0   0x080034b0   0x000002b4   Code   RO          719    .text               system_stm32f4xx.o
    0x08003764   0x08003764   0x00000028   Code   RO          750    .text               c_w.l(noretval__2sprintf.o)
    0x0800378c   0x0800378c   0x00000034   Code   RO          752    .text               c_w.l(noretval__2snprintf.o)
    0x080037c0   0x080037c0   0x0000004e   Code   RO          756    .text               c_w.l(_printf_pad.o)
    0x0800380e   0x0800380e   0x00000002   PAD
    0x08003810   0x08003810   0x00000078   Code   RO          758    .text               c_w.l(_printf_dec.o)
    0x08003888   0x08003888   0x00000138   Code   RO          772    .text               c_w.l(__printf_flags_wp.o)
    0x080039c0   0x080039c0   0x00000006   Code   RO          783    .text               c_w.l(heapauxi.o)
    0x080039c6   0x080039c6   0x000000b2   Code   RO          792    .text               c_w.l(_printf_intcommon.o)
    0x08003a78   0x08003a78   0x0000041e   Code   RO          794    .text               c_w.l(_printf_fp_dec.o)
    0x08003e96   0x08003e96   0x00000002   PAD
    0x08003e98   0x08003e98   0x00000030   Code   RO          796    .text               c_w.l(_printf_char_common.o)
    0x08003ec8   0x08003ec8   0x0000000a   Code   RO          798    .text               c_w.l(_sputc.o)
    0x08003ed2   0x08003ed2   0x00000010   Code   RO          800    .text               c_w.l(_snputc.o)
    0x08003ee2   0x08003ee2   0x00000002   PAD
    0x08003ee4   0x08003ee4   0x00000008   Code   RO          826    .text               c_w.l(rt_locale_intlibspace.o)
    0x08003eec   0x08003eec   0x0000008a   Code   RO          828    .text               c_w.l(lludiv10.o)
    0x08003f76   0x08003f76   0x00000002   PAD
    0x08003f78   0x08003f78   0x00000080   Code   RO          830    .text               c_w.l(_printf_fp_infnan.o)
    0x08003ff8   0x08003ff8   0x000000e4   Code   RO          834    .text               c_w.l(bigflt0.o)
    0x080040dc   0x080040dc   0x00000008   Code   RO          866    .text               c_w.l(libspace.o)
    0x080040e4   0x080040e4   0x0000004a   Code   RO          869    .text               c_w.l(sys_stackheap_outer.o)
    0x0800412e   0x0800412e   0x00000012   Code   RO          871    .text               c_w.l(exit.o)
    0x08004140   0x08004140   0x00000080   Code   RO          873    .text               c_w.l(strcmpv7m.o)
    0x080041c0   0x080041c0   0x0000000c   Code   RO          945    .text               c_w.l(sys_exit.o)
    0x080041cc   0x080041cc   0x00000002   Code   RO          956    .text               c_w.l(use_no_semi.o)
    0x080041ce   0x080041ce   0x00000000   Code   RO          958    .text               c_w.l(indicate_semi.o)
    0x080041ce   0x080041ce   0x0000003e   Code   RO          837    CL$$btod_d2e        c_w.l(btod.o)
    0x0800420c   0x0800420c   0x00000046   Code   RO          839    CL$$btod_d2e_denorm_low  c_w.l(btod.o)
    0x08004252   0x08004252   0x00000060   Code   RO          838    CL$$btod_d2e_norm_op1  c_w.l(btod.o)
    0x080042b2   0x080042b2   0x00000338   Code   RO          847    CL$$btod_div_common  c_w.l(btod.o)
    0x080045ea   0x080045ea   0x000000dc   Code   RO          844    CL$$btod_e2e        c_w.l(btod.o)
    0x080046c6   0x080046c6   0x0000002a   Code   RO          841    CL$$btod_ediv       c_w.l(btod.o)
    0x080046f0   0x080046f0   0x0000002a   Code   RO          840    CL$$btod_emul       c_w.l(btod.o)
    0x0800471a   0x0800471a   0x00000244   Code   RO          846    CL$$btod_mult_common  c_w.l(btod.o)
    0x0800495e   0x0800495e   0x00000030   Code   RO          864    i.__ARM_fpclassify  m_wm.l(fpclassify.o)
    0x0800498e   0x0800498e   0x0000000e   Code   RO          770    i._is_digit         c_w.l(__printf_wp.o)
    0x0800499c   0x0800499c   0x0000002c   Code   RO          860    locale$$code        c_w.l(lc_numeric_c.o)
    0x080049c8   0x080049c8   0x0000000c   Code   RO          803    x$fpl$dretinf       fz_wm.l(dretinf.o)
    0x080049d4   0x080049d4   0x00000056   Code   RO          787    x$fpl$f2d           fz_wm.l(f2d.o)
    0x08004a2a   0x08004a2a   0x0000008c   Code   RO          805    x$fpl$fnaninf       fz_wm.l(fnaninf.o)
    0x08004ab6   0x08004ab6   0x0000000a   Code   RO          930    x$fpl$fpinit        fz_wm.l(fpinit.o)
    0x08004ac0   0x08004ac0   0x00000004   Code   RO          789    x$fpl$printf1       fz_wm.l(printf1.o)
    0x08004ac4   0x08004ac4   0x00000000   Code   RO          807    x$fpl$usenofp       fz_wm.l(usenofp.o)
    0x08004ac4   0x08004ac4   0x0000032a   Data   RO          585    .constdata          matrixdisplay.o
    0x08004dee   0x08004dee   0x00000011   Data   RO          773    .constdata          c_w.l(__printf_flags_wp.o)
    0x08004dff   0x08004dff   0x00000001   PAD
    0x08004e00   0x08004e00   0x00000094   Data   RO          835    .constdata          c_w.l(bigflt0.o)
    0x08004e94   0x08004e94   0x00000020   Data   RO         1005    Region$$Table       anon$$obj.o
    0x08004eb4   0x08004eb4   0x0000001c   Data   RO          859    locale$$data        c_w.l(lc_numeric_c.o)


    Execution Region RW_IRAM1 (Exec base: 0x20000000, Load base: 0x08004ed0, Size: 0x000006d8, Max: 0x00020000, ABSOLUTE)

    Exec Addr    Load Addr    Size         Type   Attr      Idx    E Section Name        Object

    0x20000000   0x08004ed0   0x00000010   Data   RW          231    .data               stm32f4xx_rcc.o
    0x20000010   0x08004ee0   0x0000001d   Data   RW          334    .data               main.o
    0x2000002d   0x08004efd   0x00000003   PAD
    0x20000030   0x08004f00   0x00000008   Data   RW          512    .data               delay.o
    0x20000038   0x08004f08   0x00000004   Data   RW          633    .data               buzzer.o
    0x2000003c   0x08004f0c   0x00000028   Data   RW          687    .data               sensor_function.o
    0x20000064   0x08004f34   0x00000014   Data   RW          721    .data               system_stm32f4xx.o
    0x20000078        -       0x00000060   Zero   RW          867    .bss                c_w.l(libspace.o)
    0x200000d8        -       0x00000200   Zero   RW          711    HEAP                startup_stm32f4xx.o
    0x200002d8        -       0x00000400   Zero   RW          710    STACK               startup_stm32f4xx.o


==============================================================================

Image component sizes


      Code (inc. data)   RO Data    RW Data    ZI Data      Debug   Object Name

       252         18          0          0          0       1353   adc.o
       212          8          0          0          0        767   button.o
       268         16          0          4          0       1415   buzzer.o
       280         22          0          8          0      29061   delay.o
       192         18          0          0          0        628   led.o
      1812        178          0         29          0     250085   main.o
       408         42        810          0          0       2511   matrixdisplay.o
       224         20          0          0          0     278761   misc.o
       876         68          0         40          0       1799   sensor_function.o
       356         12          0          0          0        961   spi.o
        64         26        392          0       1536        868   startup_stm32f4xx.o
      1124         24          0          0          0      10738   stm32f4xx_adc.o
       284         10          0          0          0       2371   stm32f4xx_exti.o
       604         36          0          0          0       4173   stm32f4xx_gpio.o
       140         14          0          0          0       1690   stm32f4xx_it.o
      1416         48          0         16          0      11103   stm32f4xx_rcc.o
      1016         22          0          0          0       6889   stm32f4xx_spi.o
       140         12          0          0          0       1699   stm32f4xx_syscfg.o
      3234         60          0          0          0      23060   stm32f4xx_tim.o
       692         44          0         20          0       2069   system_stm32f4xx.o

    ----------------------------------------------------------------------
     13596        698       1234        120       1536     632001   Object Totals
         0          0         32          0          0          0   (incl. Generated)
         2          0          0          3          0          0   (incl. Padding)

    ----------------------------------------------------------------------

      Code (inc. data)   RO Data    RW Data    ZI Data      Debug   Library Member Name

         8          0          0          0          0         68   __main.o
       312          4         17          0          0         92   __printf_flags_wp.o
        14          0          0          0          0         68   __printf_wp.o
         0          0          0          0          0          0   __rtentry.o
        12          0          0          0          0          0   __rtentry2.o
         6          0          0          0          0          0   __rtentry4.o
        52          8          0          0          0          0   __scatter.o
        26          0          0          0          0          0   __scatter_copy.o
        28          0          0          0          0          0   __scatter_zi.o
        48          6          0          0          0         96   _printf_char_common.o
         6          0          0          0          0          0   _printf_d.o
       120         16          0          0          0         92   _printf_dec.o
         6          0          0          0          0          0   _printf_f.o
      1054          0          0          0          0        216   _printf_fp_dec.o
       128         16          0          0          0         84   _printf_fp_infnan.o
       178          0          0          0          0         88   _printf_intcommon.o
        78          0          0          0          0        108   _printf_pad.o
         0          0          0          0          0          0   _printf_percent.o
         4          0          0          0          0          0   _printf_percent_end.o
        16          0          0          0          0         68   _snputc.o
        10          0          0          0          0         68   _sputc.o
       228          4        148          0          0         96   bigflt0.o
      1936        128          0          0          0        672   btod.o
        18          0          0          0          0         80   exit.o
         6          0          0          0          0        152   heapauxi.o
         0          0          0          0          0          0   indicate_semi.o
        44         10         28          0          0         76   lc_numeric_c.o
         2          0          0          0          0          0   libinit.o
        22          0          0          0          0          0   libinit2.o
         2          0          0          0          0          0   libshutdown.o
         2          0          0          0          0          0   libshutdown2.o
         8          4          0          0         96         68   libspace.o
       138          0          0          0          0         80   lludiv10.o
        52          4          0          0          0         84   noretval__2snprintf.o
        40          6          0          0          0         84   noretval__2sprintf.o
         8          4          0          0          0         68   rt_locale_intlibspace.o
         2          0          0          0          0          0   rtexit.o
        10          0          0          0          0          0   rtexit2.o
       128          0          0          0          0         68   strcmpv7m.o
        12          4          0          0          0         68   sys_exit.o
        74          0          0          0          0         80   sys_stackheap_outer.o
         2          0          0          0          0         68   use_no_semi.o
        12          0          0          0          0        116   dretinf.o
        86          4          0          0          0        132   f2d.o
       140          4          0          0          0        132   fnaninf.o
        10          0          0          0          0        116   fpinit.o
         4          0          0          0          0        116   printf1.o
         0          0          0          0          0          0   usenofp.o
        48          0          0          0          0        124   fpclassify.o

    ----------------------------------------------------------------------
      5152        222        194          0         96       3528   Library Totals
        12          0          1          0          0          0   (incl. Padding)

    ----------------------------------------------------------------------

      Code (inc. data)   RO Data    RW Data    ZI Data      Debug   Library Name

      4840        214        193          0         96       2792   c_w.l
       252          8          0          0          0        612   fz_wm.l
        48          0          0          0          0        124   m_wm.l

    ----------------------------------------------------------------------
      5152        222        194          0         96       3528   Library Totals

    ----------------------------------------------------------------------

==============================================================================


      Code (inc. data)   RO Data    RW Data    ZI Data      Debug   

     18748        920       1428        120       1632     629221   Grand Totals
     18748        920       1428        120       1632     629221   ELF Image Totals
     18748        920       1428        120          0          0   ROM Totals

==============================================================================

    Total RO  Size (Code + RO Data)                20176 (  19.70kB)
    Total RW  Size (RW Data + ZI Data)              1752 (   1.71kB)
    Total ROM Size (Code + RO Data + RW Data)      20296 (  19.82kB)

==============================================================================

